 rtti_corpus_x86

 Timestamp is 6aaecbcd (Sun Sep 20 00:52:13 2026)

 Preferred load address is 00400000

 Start         Length     Name                   Class
 0001:00000000 00078fb0H .text$mn                CODE
 0001:00078fb0 0000188eH .text$x                 CODE
 0002:00000000 00000104H .CRT$XCA                DATA
 0002:00000104 00000104H .CRT$XCAA               DATA
 0002:00000208 00000104H .CRT$XCZ                DATA
 0002:0000030c 00000104H .CRT$XIA                DATA
 0002:00000410 00000104H .CRT$XIAA               DATA
 0002:00000514 00000104H .CRT$XIAC               DATA
 0002:00000618 00000114H .CRT$XIC                DATA
 0002:0000072c 00000104H .CRT$XIZ                DATA
 0002:00000830 00000104H .CRT$XPA                DATA
 0002:00000934 0000010cH .CRT$XPX                DATA
 0002:00000a40 00000104H .CRT$XPXA               DATA
 0002:00000b44 00000104H .CRT$XPZ                DATA
 0002:00000c48 00000104H .CRT$XTA                DATA
 0002:00000d4c 00000104H .CRT$XTZ                DATA
 0002:00000e50 000099f0H .rdata                  DATA
 0002:0000a840 00000180H .rdata$CastGuardVftablesA DATA
 0002:0000a9c0 0000014cH .rdata$CastGuardVftablesC DATA
 0002:0000ab0c 0000157cH .rdata$r                DATA
 0002:0000c088 0000021cH .rdata$sxdata           DATA
 0002:0000c2a4 00000184H .rdata$zzzdbg           DATA
 0002:0000c428 00000104H .rtc$IAA                DATA
 0002:0000c52c 00000104H .rtc$IZZ                DATA
 0002:0000c630 00000104H .rtc$TAA                DATA
 0002:0000c734 00000104H .rtc$TZZ                DATA
 0002:0000c838 000015f4H .xdata$x                DATA
 0002:0000de2c 00000000H .edata                  DATA
 0003:00000000 00000c38H .data                   DATA
 0003:00000c38 00000554H .data$r                 DATA
 0003:0000118c 000003acH .data$rs                DATA
 0003:00001538 000011f8H .bss                    DATA
 0004:00000000 000001b8H .idata$5                DATA
 0004:000001b8 00000014H .idata$2                DATA
 0004:000001cc 00000014H .idata$3                DATA
 0004:000001e0 000001b8H .idata$4                DATA
 0004:00000398 000007b1H .idata$6                DATA
 0005:00000000 0000010eH .00cfg                  DATA
 0006:00000000 00000199H .fptable                DATA

  Address         Publics by Value              Rva+Base       Lib:Object

 0000:00000000       ___AbsoluteZero            00000000     <absolute>
 0000:00000000       ___arm64x_extra_rfe_table  00000000     <absolute>
 0000:00000000       ___arm64x_extra_rfe_table_size 00000000     <absolute>
 0000:00000000       ___arm64x_native_entrypoint 00000000     <absolute>
 0000:00000000       ___arm64x_redirection_metadata 00000000     <absolute>
 0000:00000000       ___arm64x_redirection_metadata_count 00000000     <absolute>
 0000:00000000       ___dynamic_value_reloc_table 00000000     <absolute>
 0000:00000000       ___enclave_config          00000000     <absolute>
 0000:00000000       ___guard_check_icall_a64n_fptr 00000000     <absolute>
 0000:00000000       ___guard_eh_cont_count     00000000     <absolute>
 0000:00000000       ___guard_eh_cont_table     00000000     <absolute>
 0000:00000000       ___guard_fids_count        00000000     <absolute>
 0000:00000000       ___guard_fids_table        00000000     <absolute>
 0000:00000000       ___guard_iat_count         00000000     <absolute>
 0000:00000000       ___guard_iat_table         00000000     <absolute>
 0000:00000000       ___guard_longjmp_count     00000000     <absolute>
 0000:00000000       ___guard_longjmp_table     00000000     <absolute>
 0000:00000000       ___hybrid_auxiliary_delayload_iat 00000000     <absolute>
 0000:00000000       ___hybrid_auxiliary_delayload_iat_copy 00000000     <absolute>
 0000:00000000       ___hybrid_auxiliary_iat    00000000     <absolute>
 0000:00000000       ___hybrid_auxiliary_iat_copy 00000000     <absolute>
 0000:00000000       ___hybrid_code_map         00000000     <absolute>
 0000:00000000       ___hybrid_code_map_count   00000000     <absolute>
 0000:00000000       ___hybrid_image_info_bitfield 00000000     <absolute>
 0000:00000000       ___volatile_metadata       00000000     <absolute>
 0000:00000000       ___x64_code_ranges_to_entry_points 00000000     <absolute>
 0000:00000000       ___x64_code_ranges_to_entry_points_count 00000000     <absolute>
 0000:00000000       __except_list              00000000     <absolute>
 0000:0000003b       ___safe_se_handler_count   0000003b     <absolute>
 0000:00000100       ___guard_flags             00000100     <absolute>
 0000:00000000       ___ImageBase               00400000     <linker-defined>
 0001:00006ad0       ??0?$Tmpl@H$09@@QAE@XZ     00407ad0 f i rtti_corpus.obj
 0001:00006ae0       ??0?$Tmpl@N$0CA@@@QAE@XZ   00407ae0 f i rtti_corpus.obj
 0001:00006af0       ??0CAccess_Base@@QAE@XZ    00407af0 f i rtti_corpus.obj
 0001:00006b00       ??0CAmb_L@@QAE@XZ          00407b00 f i rtti_corpus.obj
 0001:00006b10       ??0CAmb_R@@QAE@XZ          00407b10 f i rtti_corpus.obj
 0001:00006b20       ??0CAmb_Root@@QAE@XZ       00407b20 f i rtti_corpus.obj
 0001:00006b40       ??0CAmbiguous@@QAE@XZ      00407b40 f i rtti_corpus.obj
 0001:00006b50       ??0CD1@@QAE@XZ             00407b50 f i rtti_corpus.obj
 0001:00006b60       ??0CD2@@QAE@XZ             00407b60 f i rtti_corpus.obj
 0001:00006b70       ??0CD3@@QAE@XZ             00407b70 f i rtti_corpus.obj
 0001:00006b80       ??0CD4@@QAE@XZ             00407b80 f i rtti_corpus.obj
 0001:00006b90       ??0CD5@@QAE@XZ             00407b90 f i rtti_corpus.obj
 0001:00006ba0       ??0CDiamond@@QAE@XZ        00407ba0 f i rtti_corpus.obj
 0001:00006c20       ??0CImpl@@QAE@XZ           00407c20 f i rtti_corpus.obj
 0001:00006c30       ??0CMI_A@@QAE@XZ           00407c30 f i rtti_corpus.obj
 0001:00006c40       ??0CMI_B@@QAE@XZ           00407c40 f i rtti_corpus.obj
 0001:00006c50       ??0CMI_BigOffset@@QAE@XZ   00407c50 f i rtti_corpus.obj
 0001:00006c70       ??0CMI_C@@QAE@XZ           00407c70 f i rtti_corpus.obj
 0001:00006c90       ??0CMI_Three@@QAE@XZ       00407c90 f i rtti_corpus.obj
 0001:00006cb0       ??0CMI_Two@@QAE@XZ         00407cb0 f i rtti_corpus.obj
 0001:00006cc0       ??0CMixFinal@@QAE@XZ       00407cc0 f i rtti_corpus.obj
 0001:00006d40       ??_ECSI_Leaf@@UAEPAXI@Z    00407d40 f i rtti_corpus.obj
 0001:00006d40       ??_GCSI_Leaf@@UAEPAXI@Z    00407d40 f i rtti_corpus.obj
 0001:00006d60       ??0CMix_Plain@@QAE@XZ      00407d60 f i rtti_corpus.obj
 0001:00006d70       ??0CNamespaced@inner@deep@@QAE@XZ 00407d70 f i rtti_corpus.obj
 0001:00006d80       ??0CNestedInner@CNestedOuter@inner@deep@@QAE@XZ 00407d80 f i rtti_corpus.obj
 0001:00006d90       ??0CPad_A@@QAE@XZ          00407d90 f i rtti_corpus.obj
 0001:00006da0       ??0CPad_B@@QAE@XZ          00407da0 f i rtti_corpus.obj
 0001:00006db0       ??0CPlain@@QAE@XZ          00407db0 f i rtti_corpus.obj
 0001:00006dc0       ??0CPriv_Direct@@QAE@XZ    00407dc0 f i rtti_corpus.obj
 0001:00006dd0       ??0CPriv_Leaf@@QAE@XZ      00407dd0 f i rtti_corpus.obj
 0001:00006de0       ??0CProt_Direct@@QAE@XZ    00407de0 f i rtti_corpus.obj
 0001:00006df0       ??0CSI_Base@@QAE@XZ        00407df0 f i rtti_corpus.obj
 0001:00006e00       ??0CSI_Leaf@@QAE@XZ        00407e00 f i rtti_corpus.obj
 0001:00006e10       ??0CVLeft@@QAE@XZ          00407e10 f i rtti_corpus.obj
 0001:00006e40       ??0CSI_Mid@@QAE@XZ         00407e40 f i rtti_corpus.obj
 0001:00006e50       ??0CVRight@@QAE@XZ         00407e50 f i rtti_corpus.obj
 0001:00006e80       ??0CThisIsAVeryLongClassNameToTestTheNameBufferHandlingInClassInformer@@QAE@XZ 00407e80 f i rtti_corpus.obj
 0001:00006e90       ??0CVBase@@QAE@XZ          00407e90 f i rtti_corpus.obj
 0001:00006ea0       ??_ECProt_Direct@@UAEPAXI@Z 00407ea0 f i rtti_corpus.obj
 0001:00006ea0       ??_GCProt_Direct@@UAEPAXI@Z 00407ea0 f i rtti_corpus.obj
 0001:00006ec0       ??0IInterface@@QAE@XZ      00407ec0 f i rtti_corpus.obj
 0001:00006ed0       ??0SSPolyBase@@QAE@XZ      00407ed0 f i rtti_corpus.obj
 0001:00006ee0       ??0SSPolyMid@@QAE@XZ       00407ee0 f i rtti_corpus.obj
 0001:00006ef0       ??1?$Tmpl@H$09@@UAE@XZ     00407ef0 f i rtti_corpus.obj
 0001:00006f00       ??1?$Tmpl@N$0CA@@@UAE@XZ   00407f00 f i rtti_corpus.obj
 0001:00006f10       ??1CAccess_Base@@UAE@XZ    00407f10 f i rtti_corpus.obj
 0001:00006f20       ??1CAmb_L@@UAE@XZ          00407f20 f i rtti_corpus.obj
 0001:00006f30       ??1CAmb_R@@UAE@XZ          00407f30 f i rtti_corpus.obj
 0001:00006f40       ??1CAmb_Root@@UAE@XZ       00407f40 f i rtti_corpus.obj
 0001:00006f50       ??1CAmbiguous@@UAE@XZ      00407f50 f i rtti_corpus.obj
 0001:00006f60       ??1CD1@@UAE@XZ             00407f60 f i rtti_corpus.obj
 0001:00006f70       ??1CD2@@UAE@XZ             00407f70 f i rtti_corpus.obj
 0001:00006f80       ??1CD3@@UAE@XZ             00407f80 f i rtti_corpus.obj
 0001:00006f90       ??1CD4@@UAE@XZ             00407f90 f i rtti_corpus.obj
 0001:00006fa0       ??1CD5@@UAE@XZ             00407fa0 f i rtti_corpus.obj
 0001:00006fb0       ??1CDiamond@@UAE@XZ        00407fb0 f i rtti_corpus.obj
 0001:00006fc0       ??1CImpl@@UAE@XZ           00407fc0 f i rtti_corpus.obj
 0001:00006fd0       ??1CMI_A@@UAE@XZ           00407fd0 f i rtti_corpus.obj
 0001:00006fe0       ??1CMI_B@@UAE@XZ           00407fe0 f i rtti_corpus.obj
 0001:00006ff0       ??1CMI_BigOffset@@UAE@XZ   00407ff0 f i rtti_corpus.obj
 0001:00007000       ??1CMI_C@@UAE@XZ           00408000 f i rtti_corpus.obj
 0001:00007010       ??1CMI_Three@@UAE@XZ       00408010 f i rtti_corpus.obj
 0001:00007020       ??1CMI_Two@@UAE@XZ         00408020 f i rtti_corpus.obj
 0001:00007030       ??1CMixFinal@@UAE@XZ       00408030 f i rtti_corpus.obj
 0001:00007040       ??1CMix_Plain@@UAE@XZ      00408040 f i rtti_corpus.obj
 0001:00007050       ??1CNamespaced@inner@deep@@UAE@XZ 00408050 f i rtti_corpus.obj
 0001:00007060       ??1CNestedInner@CNestedOuter@inner@deep@@UAE@XZ 00408060 f i rtti_corpus.obj
 0001:00007070       ??1CPad_A@@UAE@XZ          00408070 f i rtti_corpus.obj
 0001:00007080       ??1CPad_B@@UAE@XZ          00408080 f i rtti_corpus.obj
 0001:00007090       ??1CPlain@@UAE@XZ          00408090 f i rtti_corpus.obj
 0001:000070a0       ??1CPriv_Direct@@UAE@XZ    004080a0 f i rtti_corpus.obj
 0001:000070b0       ??1CPriv_Leaf@@UAE@XZ      004080b0 f i rtti_corpus.obj
 0001:000070c0       ??1CProt_Direct@@UAE@XZ    004080c0 f i rtti_corpus.obj
 0001:000070d0       ??1CSI_Base@@UAE@XZ        004080d0 f i rtti_corpus.obj
 0001:000070e0       ??1CSI_Leaf@@UAE@XZ        004080e0 f i rtti_corpus.obj
 0001:000070f0       ??1CSI_Mid@@UAE@XZ         004080f0 f i rtti_corpus.obj
 0001:00007100       ??1CThisIsAVeryLongClassNameToTestTheNameBufferHandlingInClassInformer@@UAE@XZ 00408100 f i rtti_corpus.obj
 0001:00007110       ??1CVBase@@UAE@XZ          00408110 f i rtti_corpus.obj
 0001:00007120       ??1CVLeft@@UAE@XZ          00408120 f i rtti_corpus.obj
 0001:00007123       ??_ECAmbiguous@@W3AEPAXI@Z 00408123 f i rtti_corpus.obj
 0001:0000712d       ??_ECMI_BigOffset@@WIE@AEPAXI@Z 0040812d f i rtti_corpus.obj
 0001:0000713a       ??_ECMI_Three@@W3AEPAXI@Z  0040813a f i rtti_corpus.obj
 0001:00007144       ??_ECMI_Three@@W7AEPAXI@Z  00408144 f i rtti_corpus.obj
 0001:0000714e       ??_ECMI_Two@@W3AEPAXI@Z    0040814e f i rtti_corpus.obj
 0001:00007158       ??_ECMixFinal@@WBE@AEPAXI@Z 00408158 f i rtti_corpus.obj
 0001:00007160       ?sb@SSPolyBase@@UBEHXZ     00408160 f i rtti_corpus.obj
 0001:00007170       ??1CVRight@@UAE@XZ         00408170 f i rtti_corpus.obj
 0001:00007180       ??_ECThisIsAVeryLongClassNameToTestTheNameBufferHandlingInClassInformer@@UAEPAXI@Z 00408180 f i rtti_corpus.obj
 0001:00007180       ??_GCThisIsAVeryLongClassNameToTestTheNameBufferHandlingInClassInformer@@UAEPAXI@Z 00408180 f i rtti_corpus.obj
 0001:000071a0       ??1IInterface@@UAE@XZ      004081a0 f i rtti_corpus.obj
 0001:000071b0       ??_ECVLeft@@UAEPAXI@Z      004081b0 f i rtti_corpus.obj
 0001:000071b0       ??_GCVLeft@@UAEPAXI@Z      004081b0 f i rtti_corpus.obj
 0001:000071d0       ??1SSPolyBase@@UAE@XZ      004081d0 f i rtti_corpus.obj
 0001:000071e0       ??_EIInterface@@UAEPAXI@Z  004081e0 f i rtti_corpus.obj
 0001:000071e0       ??_GIInterface@@UAEPAXI@Z  004081e0 f i rtti_corpus.obj
 0001:00007200       ??1SSPolyMid@@UAE@XZ       00408200 f i rtti_corpus.obj
 0001:00007210       ??_ESSPolyMid@@UAEPAXI@Z   00408210 f i rtti_corpus.obj
 0001:00007210       ??_GSSPolyMid@@UAEPAXI@Z   00408210 f i rtti_corpus.obj
 0001:00007230       ??_DCDiamond@@QAEXXZ       00408230 f i rtti_corpus.obj
 0001:00007240       ?name@type_info@@QBEPBDXZ  00408240 f i rtti_corpus.obj
 0001:00007260       ??_DCMixFinal@@QAEXXZ      00408260 f i rtti_corpus.obj
 0001:00007290       ??_DCVLeft@@QAEXXZ         00408290 f i rtti_corpus.obj
 0001:000072c0       ??_DCVRight@@QAEXXZ        004082c0 f i rtti_corpus.obj
 0001:000072f0       ??_E?$Tmpl@H$09@@UAEPAXI@Z 004082f0 f i rtti_corpus.obj
 0001:000072f0       ??_G?$Tmpl@H$09@@UAEPAXI@Z 004082f0 f i rtti_corpus.obj
 0001:00007310       ?v2@CMixFinal@@UBEHXZ      00408310 f i rtti_corpus.obj
 0001:00007320       ??_E?$Tmpl@N$0CA@@@UAEPAXI@Z 00408320 f i rtti_corpus.obj
 0001:00007320       ??_G?$Tmpl@N$0CA@@@UAEPAXI@Z 00408320 f i rtti_corpus.obj
 0001:00007340       ?v2@CVBase@@UBEHXZ         00408340 f i rtti_corpus.obj
 0001:00007350       ??_ECAccess_Base@@UAEPAXI@Z 00408350 f i rtti_corpus.obj
 0001:00007350       ??_GCAccess_Base@@UAEPAXI@Z 00408350 f i rtti_corpus.obj
 0001:00007370       ?v2@CVRight@@UBEHXZ        00408370 f i rtti_corpus.obj
 0001:00007380       ??_ECAmb_L@@UAEPAXI@Z      00408380 f i rtti_corpus.obj
 0001:00007380       ??_GCAmb_L@@UAEPAXI@Z      00408380 f i rtti_corpus.obj
 0001:000073a0       ?v@CDiamond@@UBEHXZ        004083a0 f i rtti_corpus.obj
 0001:000073b0       ??_ECAmb_R@@UAEPAXI@Z      004083b0 f i rtti_corpus.obj
 0001:000073b0       ??_GCAmb_R@@UAEPAXI@Z      004083b0 f i rtti_corpus.obj
 0001:000073d0       ?v@CMixFinal@@UBEHXZ       004083d0 f i rtti_corpus.obj
 0001:000073e0       ??_ECAmb_Root@@UAEPAXI@Z   004083e0 f i rtti_corpus.obj
 0001:000073e0       ??_GCAmb_Root@@UAEPAXI@Z   004083e0 f i rtti_corpus.obj
 0001:00007400       ?v@CVBase@@UBEHXZ          00408400 f i rtti_corpus.obj
 0001:00007410       ??_ECAmbiguous@@UAEPAXI@Z  00408410 f i rtti_corpus.obj
 0001:00007410       ??_GCAmbiguous@@UAEPAXI@Z  00408410 f i rtti_corpus.obj
 0001:00007430       ?v@CVLeft@@UBEHXZ          00408430 f i rtti_corpus.obj
 0001:00007440       ??_ECD1@@UAEPAXI@Z         00408440 f i rtti_corpus.obj
 0001:00007440       ??_GCD1@@UAEPAXI@Z         00408440 f i rtti_corpus.obj
 0001:00007460       ?value@?$Tmpl@H$09@@UBEHXZ 00408460 f i rtti_corpus.obj
 0001:00007470       ??_ECD2@@UAEPAXI@Z         00408470 f i rtti_corpus.obj
 0001:00007470       ??_GCD2@@UAEPAXI@Z         00408470 f i rtti_corpus.obj
 0001:00007490       ?value@?$Tmpl@N$0CA@@@UBENXZ 00408490 f i rtti_corpus.obj
 0001:000074a0       ??_ECD3@@UAEPAXI@Z         004084a0 f i rtti_corpus.obj
 0001:000074a0       ??_GCD3@@UAEPAXI@Z         004084a0 f i rtti_corpus.obj
 0001:000074c0       ___local_stdio_printf_options 004084c0 f i rtti_corpus.obj
 0001:000074d0       ??_ECD4@@UAEPAXI@Z         004084d0 f i rtti_corpus.obj
 0001:000074d0       ??_GCD4@@UAEPAXI@Z         004084d0 f i rtti_corpus.obj
 0001:00007500       ??_ECD5@@UAEPAXI@Z         00408500 f i rtti_corpus.obj
 0001:00007500       ??_GCD5@@UAEPAXI@Z         00408500 f i rtti_corpus.obj
 0001:00007530       ??_ECDiamond@@UAEPAXI@Z    00408530 f i rtti_corpus.obj
 0001:00007530       ??_GCDiamond@@UAEPAXI@Z    00408530 f i rtti_corpus.obj
 0001:00007550       ?v2@CDiamond@@UBEHXZ       00408550 f i rtti_corpus.obj
 0001:00007560       ??_ECImpl@@UAEPAXI@Z       00408560 f i rtti_corpus.obj
 0001:00007560       ??_GCImpl@@UAEPAXI@Z       00408560 f i rtti_corpus.obj
 0001:00007590       ??_ECMI_A@@UAEPAXI@Z       00408590 f i rtti_corpus.obj
 0001:00007590       ??_GCMI_A@@UAEPAXI@Z       00408590 f i rtti_corpus.obj
 0001:000075c0       ??_ECMI_B@@UAEPAXI@Z       004085c0 f i rtti_corpus.obj
 0001:000075c0       ??_GCMI_B@@UAEPAXI@Z       004085c0 f i rtti_corpus.obj
 0001:000075f0       ??_ECMI_BigOffset@@UAEPAXI@Z 004085f0 f i rtti_corpus.obj
 0001:000075f0       ??_GCMI_BigOffset@@UAEPAXI@Z 004085f0 f i rtti_corpus.obj
 0001:00007610       ?sb@SSPolyMid@@UBEHXZ      00408610 f i rtti_corpus.obj
 0001:00007620       ??_ECMI_C@@UAEPAXI@Z       00408620 f i rtti_corpus.obj
 0001:00007620       ??_GCMI_C@@UAEPAXI@Z       00408620 f i rtti_corpus.obj
 0001:00007650       ??_ECMI_Three@@UAEPAXI@Z   00408650 f i rtti_corpus.obj
 0001:00007650       ??_GCMI_Three@@UAEPAXI@Z   00408650 f i rtti_corpus.obj
 0001:00007680       ??_ECMI_Two@@UAEPAXI@Z     00408680 f i rtti_corpus.obj
 0001:00007680       ??_GCMI_Two@@UAEPAXI@Z     00408680 f i rtti_corpus.obj
 0001:000076b0       ??_ECMixFinal@@UAEPAXI@Z   004086b0 f i rtti_corpus.obj
 0001:000076b0       ??_GCMixFinal@@UAEPAXI@Z   004086b0 f i rtti_corpus.obj
 0001:000076e0       ??_ECMix_Plain@@UAEPAXI@Z  004086e0 f i rtti_corpus.obj
 0001:000076e0       ??_GCMix_Plain@@UAEPAXI@Z  004086e0 f i rtti_corpus.obj
 0001:00007710       ??_ECNamespaced@inner@deep@@UAEPAXI@Z 00408710 f i rtti_corpus.obj
 0001:00007710       ??_GCNamespaced@inner@deep@@UAEPAXI@Z 00408710 f i rtti_corpus.obj
 0001:00007740       ??_ECNestedInner@CNestedOuter@inner@deep@@UAEPAXI@Z 00408740 f i rtti_corpus.obj
 0001:00007740       ??_GCNestedInner@CNestedOuter@inner@deep@@UAEPAXI@Z 00408740 f i rtti_corpus.obj
 0001:00007770       ??_ECPad_A@@UAEPAXI@Z      00408770 f i rtti_corpus.obj
 0001:00007770       ??_GCPad_A@@UAEPAXI@Z      00408770 f i rtti_corpus.obj
 0001:00007790       ?sm@SSPolyMid@@UBEHXZ      00408790 f i rtti_corpus.obj
 0001:000077a0       ??_ECPad_B@@UAEPAXI@Z      004087a0 f i rtti_corpus.obj
 0001:000077a0       ??_GCPad_B@@UAEPAXI@Z      004087a0 f i rtti_corpus.obj
 0001:000077d0       ??_ECPlain@@UAEPAXI@Z      004087d0 f i rtti_corpus.obj
 0001:000077d0       ??_GCPlain@@UAEPAXI@Z      004087d0 f i rtti_corpus.obj
 0001:00007800       ??_ECPriv_Direct@@UAEPAXI@Z 00408800 f i rtti_corpus.obj
 0001:00007800       ??_GCPriv_Direct@@UAEPAXI@Z 00408800 f i rtti_corpus.obj
 0001:00007820       ??_ECPriv_Leaf@@UAEPAXI@Z  00408820 f i rtti_corpus.obj
 0001:00007820       ??_GCPriv_Leaf@@UAEPAXI@Z  00408820 f i rtti_corpus.obj
 0001:00007840       ??_ECSI_Base@@UAEPAXI@Z    00408840 f i rtti_corpus.obj
 0001:00007840       ??_GCSI_Base@@UAEPAXI@Z    00408840 f i rtti_corpus.obj
 0001:00007860       ??_ECSI_Mid@@UAEPAXI@Z     00408860 f i rtti_corpus.obj
 0001:00007860       ??_GCSI_Mid@@UAEPAXI@Z     00408860 f i rtti_corpus.obj
 0001:00007880       ??_ECVBase@@UAEPAXI@Z      00408880 f i rtti_corpus.obj
 0001:00007880       ??_GCVBase@@UAEPAXI@Z      00408880 f i rtti_corpus.obj
 0001:000078a0       ??_ECVRight@@UAEPAXI@Z     004088a0 f i rtti_corpus.obj
 0001:000078a0       ??_GCVRight@@UAEPAXI@Z     004088a0 f i rtti_corpus.obj
 0001:000078c0       ??_ESSPolyBase@@UAEPAXI@Z  004088c0 f i rtti_corpus.obj
 0001:000078c0       ??_GSSPolyBase@@UAEPAXI@Z  004088c0 f i rtti_corpus.obj
 0001:000078f0       ?a@CMI_A@@UBEHXZ           004088f0 f i rtti_corpus.obj
 0001:00007900       ?a@CMI_Three@@UBEHXZ       00408900 f i rtti_corpus.obj
 0001:00007910       ?a@CMI_Two@@UBEHXZ         00408910 f i rtti_corpus.obj
 0001:00007920       ?ab@CAccess_Base@@UBEHXZ   00408920 f i rtti_corpus.obj
 0001:00007930       ?addRef@CImpl@@UBEXXZ      00408930 f i rtti_corpus.obj
 0001:00007940       ?b@CMI_B@@UBEHXZ           00408940 f i rtti_corpus.obj
 0001:00007950       ?b@CMI_Three@@UBEHXZ       00408950 f i rtti_corpus.obj
 0001:00007960       ?b@CMI_Two@@UBEHXZ         00408960 f i rtti_corpus.obj
 0001:00007970       ?both@CMI_Two@@UBEHXZ      00408970 f i rtti_corpus.obj
 0001:00007980       ?c@CMI_C@@UBEHXZ           00408980 f i rtti_corpus.obj
 0001:00007990       ?c@CMI_Three@@UBEHXZ       00408990 f i rtti_corpus.obj
 0001:000079a0       ?count@?$Tmpl@H$09@@UBEHXZ 004089a0 f i rtti_corpus.obj
 0001:000079b0       ?count@?$Tmpl@N$0CA@@@UBEHXZ 004089b0 f i rtti_corpus.obj
 0001:000079c0       ?d1@CD1@@UAEHXZ            004089c0 f i rtti_corpus.obj
 0001:000079d0       ?d1@CD2@@EAEHXZ            004089d0 f i rtti_corpus.obj
 0001:000079e0       ?d3@CD3@@UAEHXZ            004089e0 f i rtti_corpus.obj
 0001:000079f0       ?d4@CD4@@UAEHXZ            004089f0 f i rtti_corpus.obj
 0001:00007a00       ?d5@CD5@@UAEHXZ            00408a00 f i rtti_corpus.obj
 0001:00007a10       ?in@CNestedInner@CNestedOuter@inner@deep@@UBEHXZ 00408a10 f i rtti_corpus.obj
 0001:00007a20       ?l@CVLeft@@UBEHXZ          00408a20 f i rtti_corpus.obj
 0001:00007a30       ?ln@CThisIsAVeryLongClassNameToTestTheNameBufferHandlingInClassInformer@@UBEHXZ 00408a30 f i rtti_corpus.obj
 0001:00007a40       ?m0@CPlain@@UAEXXZ         00408a40 f i rtti_corpus.obj
 0001:00007a50       ?m10@CPlain@@UAEXXZ        00408a50 f i rtti_corpus.obj
 0001:00007a60       ?m11@CPlain@@UAEXXZ        00408a60 f i rtti_corpus.obj
 0001:00007a70       ?m1@CPlain@@UAEXXZ         00408a70 f i rtti_corpus.obj
 0001:00007a80       ?m2@CPlain@@UAEXXZ         00408a80 f i rtti_corpus.obj
 0001:00007a90       ?m3@CPlain@@UAEXXZ         00408a90 f i rtti_corpus.obj
 0001:00007aa0       ?m4@CPlain@@UAEXXZ         00408aa0 f i rtti_corpus.obj
 0001:00007ac0       ?m5@CPlain@@UAEXXZ         00408ac0 f i rtti_corpus.obj
 0001:00007ad0       ?m6@CPlain@@UAEXXZ         00408ad0 f i rtti_corpus.obj
 0001:00007ae0       ?m7@CPlain@@UAEXXZ         00408ae0 f i rtti_corpus.obj
 0001:00007af0       ?m8@CPlain@@UAEXXZ         00408af0 f i rtti_corpus.obj
 0001:00007b00       ?m9@CPlain@@UAEXXZ         00408b00 f i rtti_corpus.obj
 0001:00007b10       ?midOnly@CSI_Leaf@@UBEHXZ  00408b10 f i rtti_corpus.obj
 0001:00007b20       ?midOnly@CSI_Mid@@UBEHXZ   00408b20 f i rtti_corpus.obj
 0001:00007b30       ?mp@CMixFinal@@UBEHXZ      00408b30 f i rtti_corpus.obj
 0001:00007b40       ?mp@CMix_Plain@@UBEHXZ     00408b40 f i rtti_corpus.obj
 0001:00007b80       ?name@CSI_Base@@UBEPBDXZ   00408b80 f i rtti_corpus.obj
 0001:00007b90       ?name@CSI_Leaf@@UBEPBDXZ   00408b90 f i rtti_corpus.obj
 0001:00007ba0       ?name@CSI_Mid@@UBEPBDXZ    00408ba0 f i rtti_corpus.obj
 0001:00007bc0       ?ns@CNamespaced@inner@deep@@UBEHXZ 00408bc0 f i rtti_corpus.obj
 0001:00007bd0       ?pa@CMI_BigOffset@@UBEHXZ  00408bd0 f i rtti_corpus.obj
 0001:00007be0       ?pa@CPad_A@@UBEHXZ         00408be0 f i rtti_corpus.obj
 0001:00007bf0       ?pb@CMI_BigOffset@@UBEHXZ  00408bf0 f i rtti_corpus.obj
 0001:00007c00       ?pb@CPad_B@@UBEHXZ         00408c00 f i rtti_corpus.obj
 0001:00007c10       ?pd@CPriv_Direct@@UBEHXZ   00408c10 f i rtti_corpus.obj
 0001:00007c20       ?pd@CPriv_Leaf@@UBEHXZ     00408c20 f i rtti_corpus.obj
 0001:00007c30       ?pl@CPriv_Leaf@@UBEHXZ     00408c30 f i rtti_corpus.obj
 0001:00007c40       ?pt@CProt_Direct@@UBEHXZ   00408c40 f i rtti_corpus.obj
 0001:00007c50       ?queryInterface@CImpl@@UBEHXZ 00408c50 f i rtti_corpus.obj
 0001:00007c60       ?r@CVRight@@UBEHXZ         00408c60 f i rtti_corpus.obj
 0001:00007c70       ?release@CImpl@@UBEXXZ     00408c70 f i rtti_corpus.obj
 0001:00007c90       ?root@CAmb_L@@UBEHXZ       00408c90 f i rtti_corpus.obj
 0001:00007cc0       ?root@CAmb_R@@UBEHXZ       00408cc0 f i rtti_corpus.obj
 0001:00007cd0       _main                      00408cd0 f   rtti_corpus.obj
 0001:000081a0       _printf                    004091a0 f i rtti_corpus.obj
 0001:00008230       ?root@CAmb_Root@@UBEHXZ    00409230 f i rtti_corpus.obj
 0001:00008240       __vfprintf_l               00409240 f i rtti_corpus.obj
 0001:00008270       ??3@YAXPAXI@Z              00409270 f   LIBCMT:delete_scalar_size.obj
 0001:00008290       ??1type_info@@UAE@XZ       00409290 f   LIBCMT:std_type_info_static.obj
 0001:000082a0       ??_Etype_info@@UAEPAXI@Z   004092a0 f i LIBCMT:std_type_info_static.obj
 0001:000082a0       ??_Gtype_info@@UAEPAXI@Z   004092a0 f i LIBCMT:std_type_info_static.obj
 0001:000082d0       ?__scrt_initialize_type_info@@YAXXZ 004092d0 f   LIBCMT:tncleanup.obj
 0001:000082e0       ?__scrt_uninitialize_type_info@@YAXXZ 004092e0 f   LIBCMT:tncleanup.obj
 0001:00008680       ?configure_argv@__scrt_narrow_argv_policy@@SAHXZ 00409680 f i LIBCMT:exe_main.obj
 0001:000086a0       ?initialize_environment@__scrt_narrow_environment_policy@@SAHXZ 004096a0 f i LIBCMT:exe_main.obj
 0001:000086e0       ?set_app_type@__scrt_main_policy@@SAXXZ 004096e0 f i LIBCMT:exe_main.obj
 0001:000086f0       ?set_commode@__scrt_file_policy@@SAXXZ 004096f0 f i LIBCMT:exe_main.obj
 0001:00008710       ?set_fmode@__scrt_file_policy@@SAXXZ 00409710 f i LIBCMT:exe_main.obj
 0001:00008720       _mainCRTStartup            00409720 f   LIBCMT:exe_main.obj
 0001:00008730       ??3@YAXPAX@Z               00409730 f   LIBCMT:delete_scalar.obj
 0001:000087e0       _NtCurrentTeb              004097e0 f i LIBCMT:utility.obj
 0001:000087f0       ___scrt_acquire_startup_lock 004097f0 f   LIBCMT:utility.obj
 0001:00008840       ___scrt_dllmain_after_initialize_c 00409840 f   LIBCMT:utility.obj
 0001:00008880       ___scrt_dllmain_before_initialize_c 00409880 f   LIBCMT:utility.obj
 0001:00008920       ___scrt_dllmain_crt_thread_attach 00409920 f   LIBCMT:utility.obj
 0001:00008950       ___scrt_dllmain_crt_thread_detach 00409950 f   LIBCMT:utility.obj
 0001:00008960       ___scrt_dllmain_exception_filter 00409960 f   LIBCMT:utility.obj
 0001:000089b0       ___scrt_dllmain_uninitialize_c 004099b0 f   LIBCMT:utility.obj
 0001:000089e0       ___scrt_dllmain_uninitialize_critical 004099e0 f   LIBCMT:utility.obj
 0001:00008a00       ___scrt_initialize_crt     00409a00 f   LIBCMT:utility.obj
 0001:00008a50       ___scrt_initialize_onexit_tables 00409a50 f   LIBCMT:utility.obj
 0001:00008b20       ___scrt_is_nonwritable_in_current_image 00409b20 f   LIBCMT:utility.obj
 0001:00008c30       ___scrt_release_startup_lock 00409c30 f   LIBCMT:utility.obj
 0001:00008c60       ___scrt_uninitialize_crt   00409c60 f   LIBCMT:utility.obj
 0001:00008ca0       __onexit                   00409ca0 f   LIBCMT:utility.obj
 0001:00008cf0       _at_quick_exit             00409cf0 f   LIBCMT:utility.obj
 0001:00008d20       _atexit                    00409d20 f   LIBCMT:utility.obj
 0001:00008df0       ___security_init_cookie    00409df0 f   LIBCMT:gs_support.obj
 0001:00008ed0       __matherr                  00409ed0 f   LIBCMT:matherr.obj
 0001:00008ee0       __get_startup_argv_mode    00409ee0 f   LIBCMT:argv_mode.obj
 0001:00008ef0       __get_startup_commit_mode  00409ef0 f   LIBCMT:commit_mode.obj
 0001:00008f00       __get_startup_file_mode    00409f00 f   LIBCMT:file_mode.obj
 0001:00008f10       __get_startup_new_mode     00409f10 f   LIBCMT:new_mode.obj
 0001:00008f20       __get_startup_thread_locale_mode 00409f20 f   LIBCMT:thread_locale.obj
 0001:00008f30       __should_initialize_environment 00409f30 f   LIBCMT:env_mode.obj
 0001:00008f40       __initialize_default_precision 00409f40 f   LIBCMT:default_precision.obj
 0001:00008f70       __initialize_invalid_parameter_handler 00409f70 f   LIBCMT:invalid_parameter_handler.obj
 0001:00008f80       __initialize_denormal_control 00409f80 f   LIBCMT:denormal_control.obj
 0001:00008f90       ___local_stdio_scanf_options 00409f90 f i LIBCMT:default_local_stdio_options.obj
 0001:00008fa0       ___scrt_initialize_default_local_stdio_options 00409fa0 f   LIBCMT:default_local_stdio_options.obj
 0001:00008fd0       ___scrt_is_user_matherr_present 00409fd0 f   LIBCMT:matherr_detection.obj
 0001:00008fe0       ___scrt_get_dyn_tls_init_callback 00409fe0 f   LIBCMT:dyn_tls_init.obj
 0001:00008ff0       ___scrt_get_dyn_tls_dtor_callback 00409ff0 f   LIBCMT:dyn_tls_dtor.obj
 0001:00009000       ___scrt_fastfail           0040a000 f   LIBCMT:utility_desktop.obj
 0001:00009010       ___scrt_get_show_window_mode 0040a010 f   LIBCMT:utility_desktop.obj
 0001:00009050       ___scrt_initialize_mta     0040a050 f   LIBCMT:utility_desktop.obj
 0001:00009060       ___scrt_initialize_winrt   0040a060 f   LIBCMT:utility_desktop.obj
 0001:00009070       ___scrt_is_managed_app     0040a070 f   LIBCMT:utility_desktop.obj
 0001:000090d0       ___scrt_set_unhandled_exception_filter 0040a0d0 f   LIBCMT:utility_desktop.obj
 0001:000090e0       ___scrt_exe_initialize_mta 0040a0e0 f   LIBCMT:utility_desktop.obj
 0001:000090e0       ___scrt_stub_for_initialize_mta 0040a0e0 f   LIBCMT:utility_desktop.obj
 0001:000090f0       ___scrt_unhandled_exception_filter@4 0040a0f0 f   LIBCMT:utility_desktop.obj
 0001:00009160       __crt_debugger_hook        0040a160 f   LIBCMT:utility_desktop.obj
 0001:00009170       __RTC_Initialize           0040a170 f   LIBCMT:initsect.obj
 0001:000091b0       __RTC_Terminate            0040a1b0 f   LIBCMT:initsect.obj
 0001:000091f0       @_guard_check_icall_nop@4  0040a1f0 f i LIBCMT:guard_support.obj
 0001:00009200       _ReadNoFence               0040a200 f i LIBCMT:guard_support.obj
 0001:00009210       _ReadPointerNoFence        0040a210 f i LIBCMT:guard_support.obj
 0001:00009220       __InlineInterlockedExchangePointer 0040a220 f i LIBCMT:guard_support.obj
 0001:00009230       ___castguard_check_failure_debugbreak 0040a230 f i LIBCMT:guard_support.obj
 0001:00009260       ___castguard_check_failure_fastfail 0040a260 f i LIBCMT:guard_support.obj
 0001:00009290       ___castguard_check_failure_nop 0040a290 f i LIBCMT:guard_support.obj
 0001:000092a0       ___castguard_check_failure_os_handled 0040a2a0 f i LIBCMT:guard_support.obj
 0001:00009300       ___castguard_check_failure_user_handled 0040a300 f i LIBCMT:guard_support.obj
 0001:000093b0       ___castguard_set_user_handler 0040a3b0 f i LIBCMT:guard_support.obj
 0001:000093d0       ___castguard_slow_path_check_debugbreak 0040a3d0 f i LIBCMT:guard_support.obj
 0001:00009410       ___castguard_slow_path_check_fastfail 0040a410 f i LIBCMT:guard_support.obj
 0001:00009460       ___castguard_slow_path_check_nop 0040a460 f i LIBCMT:guard_support.obj
 0001:00009470       ___castguard_slow_path_check_os_handled 0040a470 f i LIBCMT:guard_support.obj
 0001:000094c0       ___castguard_slow_path_check_user_handled 0040a4c0 f i LIBCMT:guard_support.obj
 0001:00009540       __guard_icall_checks_enforced 0040a540 f i LIBCMT:guard_support.obj
 0001:00009560       ___isa_available_init      0040a560 f   LIBCMT:cpu_disp.obj
 0001:00009960       ___scrt_is_ucrt_dll_in_use 0040a960 f   LIBCMT:ucrt_detection.obj
 0001:0000996f       _InitializeSListHead@4     0040a96f f   kernel32:KERNEL32.dll
 0001:00009975       _QueryPerformanceCounter@4 0040a975 f   kernel32:KERNEL32.dll
 0001:0000997b       _GetCurrentProcessId@0     0040a97b f   kernel32:KERNEL32.dll
 0001:00009981       _GetCurrentThreadId@0      0040a981 f   kernel32:KERNEL32.dll
 0001:00009987       _GetSystemTimeAsFileTime@4 0040a987 f   kernel32:KERNEL32.dll
 0001:0000998d       _SetUnhandledExceptionFilter@4 0040a98d f   kernel32:KERNEL32.dll
 0001:00009993       _GetStartupInfoW@4         0040a993 f   kernel32:KERNEL32.dll
 0001:00009999       _GetModuleHandleW@4        0040a999 f   kernel32:KERNEL32.dll
 0001:0000999f       _IsProcessorFeaturePresent@4 0040a99f f   kernel32:KERNEL32.dll
 0001:000099b0       ??$__crt_interlocked_exchange_pointer@$$A6AXXZP6AXXZ@@YAP6AXXZPDS6AXXZQ6AXXZ@Z 0040a9b0 f i libvcruntime:purevirt.obj
 0001:000099c0       ??$__crt_interlocked_read_pointer@$$A6AXXZ@@YAP6AXXZPDS6AXXZ@Z 0040a9c0 f i libvcruntime:purevirt.obj
 0001:000099d0       ?__crt_interlocked_read_32@@YAHPDH@Z 0040a9d0 f i libvcruntime:purevirt.obj
 0001:000099e0       __get_purecall_handler     0040a9e0 f   libvcruntime:purevirt.obj
 0001:000099f0       __purecall                 0040a9f0 f   libvcruntime:purevirt.obj
 0001:00009a20       __set_purecall_handler     0040aa20 f   libvcruntime:purevirt.obj
 0001:00009a40       ??0__non_rtti_object@std@@AAE@QBDH@Z 0040aa40 f i libvcruntime:rtti.obj
 0001:00009a70       ??0__non_rtti_object@std@@QAE@ABV01@@Z 0040aa70 f i libvcruntime:rtti.obj
 0001:00009ab0       ??0bad_cast@std@@AAE@QBDH@Z 0040aab0 f i libvcruntime:rtti.obj
 0001:00009ae0       ??0bad_cast@std@@QAE@ABV01@@Z 0040aae0 f i libvcruntime:rtti.obj
 0001:00009b20       ??0bad_typeid@std@@AAE@QBDH@Z 0040ab20 f i libvcruntime:rtti.obj
 0001:00009b50       ??0bad_typeid@std@@QAE@ABV01@@Z 0040ab50 f i libvcruntime:rtti.obj
 0001:00009b90       ??0exception@std@@QAE@ABV01@@Z 0040ab90 f i libvcruntime:rtti.obj
 0001:00009bd0       ??0exception@std@@QAE@QBDH@Z 0040abd0 f i libvcruntime:rtti.obj
 0001:00009c00       ??1__non_rtti_object@std@@UAE@XZ 0040ac00 f i libvcruntime:rtti.obj
 0001:00009c20       ??1bad_cast@std@@UAE@XZ    0040ac20 f i libvcruntime:rtti.obj
 0001:00009c40       ??1bad_typeid@std@@UAE@XZ  0040ac40 f i libvcruntime:rtti.obj
 0001:00009c60       ??1exception@std@@UAE@XZ   0040ac60 f i libvcruntime:rtti.obj
 0001:00009c80       ??_E__non_rtti_object@std@@UAEPAXI@Z 0040ac80 f i libvcruntime:rtti.obj
 0001:00009c80       ??_G__non_rtti_object@std@@UAEPAXI@Z 0040ac80 f i libvcruntime:rtti.obj
 0001:00009cc0       ??_Ebad_cast@std@@UAEPAXI@Z 0040acc0 f i libvcruntime:rtti.obj
 0001:00009cc0       ??_Gbad_cast@std@@UAEPAXI@Z 0040acc0 f i libvcruntime:rtti.obj
 0001:00009d00       ??_Ebad_typeid@std@@UAEPAXI@Z 0040ad00 f i libvcruntime:rtti.obj
 0001:00009d00       ??_Gbad_typeid@std@@UAEPAXI@Z 0040ad00 f i libvcruntime:rtti.obj
 0001:00009d40       ??_Eexception@std@@UAEPAXI@Z 0040ad40 f i libvcruntime:rtti.obj
 0001:00009d40       ??_Gexception@std@@UAEPAXI@Z 0040ad40 f i libvcruntime:rtti.obj
 0001:0000a3f0       ?__construct_from_string_literal@__non_rtti_object@std@@SA?AV12@QBD@Z 0040b3f0 f i libvcruntime:rtti.obj
 0001:0000a420       ?__construct_from_string_literal@bad_cast@std@@SA?AV12@QBD@Z 0040b420 f i libvcruntime:rtti.obj
 0001:0000a450       ?__construct_from_string_literal@bad_typeid@std@@SA?AV12@QBD@Z 0040b450 f i libvcruntime:rtti.obj
 0001:0000a480       ?what@exception@std@@UBEPBDXZ 0040b480 f i libvcruntime:rtti.obj
 0001:0000a4a0       ___RTCastToVoid            0040b4a0 f   libvcruntime:rtti.obj
 0001:0000a590       ___RTDynamicCast           0040b590 f   libvcruntime:rtti.obj
 0001:0000a720       ___RTtypeid                0040b720 f   libvcruntime:rtti.obj
 0001:0000a850       ??$?RD@__crt_internal_free_policy@@QBEXQBD@Z 0040b850 f i libvcruntime:std_type_info.obj
 0001:0000a870       ??$?RX@__crt_internal_free_policy@@QBEXQBX@Z 0040b870 f i libvcruntime:std_type_info.obj
 0001:0000a890       ??$__crt_interlocked_compare_exchange_pointer@$$CBDPAD$$T@@YAPBDPDSBDQAD$$T@Z 0040b890 f i libvcruntime:std_type_info.obj
 0001:0000a8b0       ??$__crt_interlocked_read_pointer@$$CBD@@YAPBDPDSBD@Z 0040b8b0 f i libvcruntime:std_type_info.obj
 0001:0000a8c0       ??0?$__crt_unique_heap_ptr@DU__crt_internal_free_policy@@@@QAE@QAD@Z 0040b8c0 f i libvcruntime:std_type_info.obj
 0001:0000a8e0       ??0?$__crt_unique_heap_ptr@XU__crt_internal_free_policy@@@@QAE@QAX@Z 0040b8e0 f i libvcruntime:std_type_info.obj
 0001:0000a900       ??1?$__crt_unique_heap_ptr@DU__crt_internal_free_policy@@@@QAE@XZ 0040b900 f i libvcruntime:std_type_info.obj
 0001:0000a920       ??1?$__crt_unique_heap_ptr@XU__crt_internal_free_policy@@@@QAE@XZ 0040b920 f i libvcruntime:std_type_info.obj
 0001:0000a940       ??B?$__crt_unique_heap_ptr@DU__crt_internal_free_policy@@@@QBE_NXZ 0040b940 f i libvcruntime:std_type_info.obj
 0001:0000a950       ??B?$__crt_unique_heap_ptr@XU__crt_internal_free_policy@@@@QBE_NXZ 0040b950 f i libvcruntime:std_type_info.obj
 0001:0000a9a0       ?detach@?$__crt_unique_heap_ptr@XU__crt_internal_free_policy@@@@QAEPAXXZ 0040b9a0 f i libvcruntime:std_type_info.obj
 0001:0000a9b0       ?get@?$__crt_unique_heap_ptr@DU__crt_internal_free_policy@@@@QBEPADXZ 0040b9b0 f i libvcruntime:std_type_info.obj
 0001:0000a9c0       ?get@?$__crt_unique_heap_ptr@XU__crt_internal_free_policy@@@@QBEPAXXZ 0040b9c0 f i libvcruntime:std_type_info.obj
 0001:0000a9d0       ?is_valid@?$__crt_unique_heap_ptr@DU__crt_internal_free_policy@@@@QBE_NXZ 0040b9d0 f i libvcruntime:std_type_info.obj
 0001:0000a9e0       ?is_valid@?$__crt_unique_heap_ptr@XU__crt_internal_free_policy@@@@QBE_NXZ 0040b9e0 f i libvcruntime:std_type_info.obj
 0001:0000a9f0       ?release@?$__crt_unique_heap_ptr@DU__crt_internal_free_policy@@@@QAEXXZ 0040b9f0 f i libvcruntime:std_type_info.obj
 0001:0000aa10       ?release@?$__crt_unique_heap_ptr@XU__crt_internal_free_policy@@@@QAEXXZ 0040ba10 f i libvcruntime:std_type_info.obj
 0001:0000aa30       ___std_type_info_compare   0040ba30 f   libvcruntime:std_type_info.obj
 0001:0000aa80       ___std_type_info_destroy_list 0040ba80 f   libvcruntime:std_type_info.obj
 0001:0000aab0       ___std_type_info_hash      0040bab0 f   libvcruntime:std_type_info.obj
 0001:0000aaf0       ___std_type_info_name      0040baf0 f   libvcruntime:std_type_info.obj
 0001:0000ac50       __except_handler4          0040bc50 f   libvcruntime:chandler4.obj
 0001:0000ae10       ___vcrt_initialize         0040be10 f   libvcruntime:initialization.obj
 0001:0000ae40       ___vcrt_thread_attach      0040be40 f   libvcruntime:initialization.obj
 0001:0000ae50       ___vcrt_thread_detach      0040be50 f   libvcruntime:initialization.obj
 0001:0000ae60       ___vcrt_uninitialize       0040be60 f   libvcruntime:initialization.obj
 0001:0000ae80       ___vcrt_uninitialize_critical 0040be80 f   libvcruntime:initialization.obj
 0001:0000ae90       ___DestructExceptionObject 0040be90 f   libvcruntime:ehhelpers.obj
 0001:0000afe0       ?_CallMemberFunction0@@YGXQAX0@Z 0040bfe0 f i libvcruntime:ehhelpers.obj
 0001:0000b060       ?raw_name@type_info@@QBEPBDXZ 0040c060 f i libvcruntime:ehhelpers.obj
 0001:0000b070       __IsExceptionObjectToBeDestroyed 0040c070 f   libvcruntime:ehhelpers.obj
 0001:0000b0b0       __SetWinRTOutOfMemoryExceptionCallback 0040c0b0 f   libvcruntime:ehhelpers.obj
 0001:0000b0c0       ___AdjustPointer           0040c0c0 f   libvcruntime:ehhelpers.obj
 0001:0000b0f0       ___FrameUnwindFilter       0040c0f0 f   libvcruntime:ehhelpers.obj
 0001:0000b160       ___GetPlatformExceptionInfo 0040c160 f   libvcruntime:ehhelpers.obj
 0001:0000b270       ___current_exception       0040c270 f   libvcruntime:ehhelpers.obj
 0001:0000b280       ___current_exception_context 0040c280 f   libvcruntime:ehhelpers.obj
 0001:0000b290       ___processing_throw        0040c290 f   libvcruntime:ehhelpers.obj
 0001:0000b2a0       ___std_terminate           0040c2a0 f   libvcruntime:ehhelpers.obj
 0001:0000b2b0       __is_exception_typeof      0040c2b0 f   libvcruntime:ehhelpers.obj
 0001:0000b3a0       _memset                    0040c3a0 f   libvcruntime:memset.obj
 0001:0000b550       ??$?RD@__crt_public_free_policy@@QBEXQBD@Z 0040c550 f i libvcruntime:std_exception.obj
 0001:0000b570       ??0?$__crt_unique_heap_ptr@DU__crt_public_free_policy@@@@QAE@QAD@Z 0040c570 f i libvcruntime:std_exception.obj
 0001:0000b590       ??1?$__crt_unique_heap_ptr@DU__crt_public_free_policy@@@@QAE@XZ 0040c590 f i libvcruntime:std_exception.obj
 0001:0000b5b0       ??B?$__crt_unique_heap_ptr@DU__crt_public_free_policy@@@@QBE_NXZ 0040c5b0 f i libvcruntime:std_exception.obj
 0001:0000b5c0       ?detach@?$__crt_unique_heap_ptr@DU__crt_public_free_policy@@@@QAEPADXZ 0040c5c0 f i libvcruntime:std_exception.obj
 0001:0000b5d0       ?get@?$__crt_unique_heap_ptr@DU__crt_public_free_policy@@@@QBEPADXZ 0040c5d0 f i libvcruntime:std_exception.obj
 0001:0000b5e0       ?is_valid@?$__crt_unique_heap_ptr@DU__crt_public_free_policy@@@@QBE_NXZ 0040c5e0 f i libvcruntime:std_exception.obj
 0001:0000b5f0       ?release@?$__crt_unique_heap_ptr@DU__crt_public_free_policy@@@@QAEXXZ 0040c5f0 f i libvcruntime:std_exception.obj
 0001:0000b610       ___std_exception_copy      0040c610 f   libvcruntime:std_exception.obj
 0001:0000b6a0       ___std_exception_destroy   0040c6a0 f   libvcruntime:std_exception.obj
 0001:0000b6d0       __CxxThrowException@8      0040c6d0 f   libvcruntime:throw.obj
 0001:0000b770       ??$?0$00@DName@@QAE@PAVUnDecorator@@PBDU?$StringLifeSelector@$00@@@Z 0040c770 f i libvcruntime:undname.obj
 0001:0000b7d0       ??$?0$00@pcharNode@@QAE@PBDHU?$StringLifeSelector@$00@@AAV_HeapManager@@@Z 0040c7d0 f i libvcruntime:undname.obj
 0001:0000b800       ??$?0$01@DName@@QAE@PAVUnDecorator@@PBDU?$StringLifeSelector@$01@@@Z 0040c800 f i libvcruntime:undname.obj
 0001:0000b860       ??$?0$01@pcharNode@@QAE@PBDHU?$StringLifeSelector@$01@@AAV_HeapManager@@@Z 0040c860 f i libvcruntime:undname.obj
 0001:0000b960       ??$?0$0A@@DName@@QAE@PAVUnDecorator@@PBDU?$StringLifeSelector@$0A@@@@Z 0040c960 f i libvcruntime:undname.obj
 0001:0000b9c0       ??$?0$0A@@pcharNode@@QAE@PBDHU?$StringLifeSelector@$0A@@@AAV_HeapManager@@@Z 0040c9c0 f i libvcruntime:undname.obj
 0001:0000bac0       ??$append@VDNameNode@@@DName@@AAEXPBVDNameNode@@@Z 0040cac0 f i libvcruntime:undname.obj
 0001:0000bb80       ??$append@VDNameStatusNode@@@DName@@AAEXPBVDNameStatusNode@@@Z 0040cb80 f i libvcruntime:undname.obj
 0001:0000bc40       ??$append@VcharNode@@@DName@@AAEXPBVcharNode@@@Z 0040cc40 f i libvcruntime:undname.obj
 0001:0000bd00       ??$append@VpDNameNode@@@DName@@AAEXPBVpDNameNode@@@Z 0040cd00 f i libvcruntime:undname.obj
 0001:0000bdc0       ??$append@VpcharNode@@@DName@@AAEXPBVpcharNode@@@Z 0040cdc0 f i libvcruntime:undname.obj
 0001:0000be80       ??$doPchar@$00@DName@@AAEXPBDH@Z 0040ce80 f i libvcruntime:undname.obj
 0001:0000bf30       ??$doPchar@$01@DName@@AAEXPBDH@Z 0040cf30 f i libvcruntime:undname.obj
 0001:0000c0f0       ??$doPchar@$0A@@DName@@AAEXPBDH@Z 0040d0f0 f i libvcruntime:undname.obj
 0001:0000c530       ??0Block@_HeapManager@@QAE@XZ 0040d530 f i libvcruntime:undname.obj
 0001:0000c540       ??0DName@@QAE@ABV0@@Z      0040d540 f i libvcruntime:undname.obj
 0001:0000c570       ??0DName@@QAE@PAVUnDecorator@@@Z 0040d570 f i libvcruntime:undname.obj
 0001:0000c5a0       ??0DName@@QAE@PAVUnDecorator@@AAPBDD@Z 0040d5a0 f   libvcruntime:undname.obj
 0001:0000c710       ??0DName@@QAE@PAVUnDecorator@@ABUStringLiteral@@@Z 0040d710 f   libvcruntime:undname.obj
 0001:0000c760       ??0DName@@QAE@PAVUnDecorator@@D@Z 0040d760 f   libvcruntime:undname.obj
 0001:0000c7a0       ??0DName@@QAE@PAVUnDecorator@@PAV0@@Z 0040d7a0 f   libvcruntime:undname.obj
 0001:0000c8b0       ??0DName@@QAE@PAVUnDecorator@@W4DNameStatus@@@Z 0040d8b0 f   libvcruntime:undname.obj
 0001:0000c900       ??0DName@@QAE@PAVUnDecorator@@_J@Z 0040d900 f   libvcruntime:undname.obj
 0001:0000ca40       ??0DName@@QAE@PAVUnDecorator@@_K@Z 0040da40 f   libvcruntime:undname.obj
 0001:0000cb70       ??0DNameNode@@IAE@XZ       0040db70 f i libvcruntime:undname.obj
 0001:0000cb80       ??0OptionalValue@UnDecorator@@QAE@XZ 0040db80 f i libvcruntime:undname.obj
 0001:0000cba0       ??0OptionalValue@UnDecorator@@QAE@_K@Z 0040dba0 f i libvcruntime:undname.obj
 0001:0000cbc0       ??0Replicator@@QAE@PAVUnDecorator@@@Z 0040dbc0 f i libvcruntime:undname.obj
 0001:0000cc10       ??0UnDecorator@@QAE@PBDP6APADJ@ZKP6APAXI@ZP6AXPAX@Z@Z 0040dc10 f i libvcruntime:undname.obj
 0001:0000ccf0       ??0_HeapManager@@QAE@P6APAXI@ZP6AXPAX@Z@Z 0040dcf0 f i libvcruntime:undname.obj
 0001:0000cd30       ??0charNode@@QAE@D@Z       0040dd30 f i libvcruntime:undname.obj
 0001:0000cd50       ??0pDNameNode@@QAE@PAVDName@@@Z 0040dd50 f   libvcruntime:undname.obj
 0001:0000cd90       ??0pairNode@@QAE@PBVDNameNode@@0@Z 0040dd90 f i libvcruntime:undname.obj
 0001:0000cdd0       ??2@YAPAXIAAV_HeapManager@@H@Z 0040ddd0 f   libvcruntime:undname.obj
 0001:0000ce80       ??4DName@@QAEAAV0@ABUStringLiteral@@@Z 0040de80 f   libvcruntime:undname.obj
 0001:0000ceb0       ??4DName@@QAEAAV0@ABV0@@Z  0040deb0 f   libvcruntime:undname.obj
 0001:0000ced0       ??4DName@@QAEAAV0@D@Z      0040ded0 f i libvcruntime:undname.obj
 0001:0000cf00       ??4DName@@QAEAAV0@PAV0@@Z  0040df00 f   libvcruntime:undname.obj
 0001:0000cfe0       ??4DName@@QAEAAV0@W4DNameStatus@@@Z 0040dfe0 f   libvcruntime:undname.obj
 0001:0000d010       ??AReplicator@@QBE?AVDName@@H@Z 0040e010 f   libvcruntime:undname.obj
 0001:0000d0a0       ??BOptionalValue@UnDecorator@@QBE_NXZ 0040e0a0 f i libvcruntime:undname.obj
 0001:0000d0b0       ??DOptionalValue@UnDecorator@@QBE_KXZ 0040e0b0 f i libvcruntime:undname.obj
 0001:0000d0c0       ??H@YA?AVDName@@ABUStringLiteral@@ABV0@@Z 0040e0c0 f i libvcruntime:undname.obj
 0001:0000d260       ??H@YA?AVDName@@DABV0@@Z   0040e260 f i libvcruntime:undname.obj
 0001:0000d3f0       ??H@YA?AVDName@@W4DNameStatus@@ABV0@@Z 0040e3f0 f i libvcruntime:undname.obj
 0001:0000d590       ??HDName@@QBE?AV0@ABUStringLiteral@@@Z 0040e590 f   libvcruntime:undname.obj
 0001:0000d5d0       ??HDName@@QBE?AV0@ABV0@@Z  0040e5d0 f   libvcruntime:undname.obj
 0001:0000d610       ??HDName@@QBE?AV0@D@Z      0040e610 f   libvcruntime:undname.obj
 0001:0000d650       ??HDName@@QBE?AV0@PAV0@@Z  0040e650 f   libvcruntime:undname.obj
 0001:0000d690       ??HDName@@QBE?AV0@W4DNameStatus@@@Z 0040e690 f   libvcruntime:undname.obj
 0001:0000d6d0       ??HStringLiteral@@QBE?AU0@H@Z 0040e6d0 f i libvcruntime:undname.obj
 0001:0000d760       ??YDName@@QAEAAV0@ABUStringLiteral@@@Z 0040e760 f   libvcruntime:undname.obj
 0001:0000d8b0       ??YDName@@QAEAAV0@ABV0@@Z  0040e8b0 f   libvcruntime:undname.obj
 0001:0000daa0       ??YDName@@QAEAAV0@D@Z      0040eaa0 f   libvcruntime:undname.obj
 0001:0000dbf0       ??YDName@@QAEAAV0@PAV0@@Z  0040ebf0 f   libvcruntime:undname.obj
 0001:0000dea0       ??YDName@@QAEAAV0@W4DNameStatus@@@Z 0040eea0 f   libvcruntime:undname.obj
 0001:0000dff0       ??YReplicator@@QAEAAV0@ABVDName@@@Z 0040eff0 f   libvcruntime:undname.obj
 0001:0000e060       ??_5DName@@QAEAAV0@ABV0@@Z 0040f060 f   libvcruntime:undname.obj
 0001:0000e090       ??__K_l@@YA?AUStringLiteral@@PBDI@Z 0040f090 f i libvcruntime:undname.obj
 0001:0000e0a0       ?Destructor@UnDecorator@@QAEXXZ 0040f0a0 f i libvcruntime:undname.obj
 0001:0000e0f0       ?Destructor@_HeapManager@@QAEXXZ 0040f0f0 f i libvcruntime:undname.obj
 0001:0000e160       ?UScore@UnDecorator@@QAE?AUStringLiteral@@W4Tokens@@@Z 0040f160 f   libvcruntime:undname.obj
 0001:0000e1c0       ?composeDeclaration@UnDecorator@@AAE?AVDName@@ABV2@@Z 0040f1c0 f i libvcruntime:undname.obj
 0001:00010cc0       ?doAccessSpecifiers@UnDecorator@@QAEHXZ 00411cc0 f i libvcruntime:undname.obj
 0001:00010ce0       ?doAllocationLanguage@UnDecorator@@QAEHXZ 00411ce0 f i libvcruntime:undname.obj
 0001:00010d00       ?doAllocationModel@UnDecorator@@QAEHXZ 00411d00 f i libvcruntime:undname.obj
 0001:00010d20       ?doEcsu@UnDecorator@@QAEHXZ 00411d20 f i libvcruntime:undname.obj
 0001:00010d40       ?doEllipsis@UnDecorator@@QAEHXZ 00411d40 f i libvcruntime:undname.obj
 0001:00010d60       ?doFunctionReturns@UnDecorator@@QAEHXZ 00411d60 f i libvcruntime:undname.obj
 0001:00010d80       ?doMSKeywords@UnDecorator@@QAEHXZ 00411d80 f i libvcruntime:undname.obj
 0001:00010da0       ?doMemberTypes@UnDecorator@@QAEHXZ 00411da0 f i libvcruntime:undname.obj
 0001:00010dc0       ?doNameOnly@UnDecorator@@QAEHXZ 00411dc0 f i libvcruntime:undname.obj
 0001:00010dd0       ?doNoIdentCharCheck@UnDecorator@@QAEHXZ 00411dd0 f i libvcruntime:undname.obj
 0001:00010de0       ?doPchar@DName@@AAEXD@Z    00411de0 f   libvcruntime:undname.obj
 0001:00010e90       ?doPtr64@UnDecorator@@QAEHXZ 00411e90 f i libvcruntime:undname.obj
 0001:00010eb0       ?doRestrictionSpec@UnDecorator@@QAEHXZ 00411eb0 f i libvcruntime:undname.obj
 0001:00010ed0       ?doThisTypes@UnDecorator@@QAEHXZ 00411ed0 f i libvcruntime:undname.obj
 0001:00010ef0       ?doThrowTypes@UnDecorator@@QAEHXZ 00411ef0 f i libvcruntime:undname.obj
 0001:00010f10       ?doTypeOnly@UnDecorator@@QAEHXZ 00411f10 f i libvcruntime:undname.obj
 0001:00010f20       ?doUnderScore@UnDecorator@@QAEHXZ 00411f20 f i libvcruntime:undname.obj
 0001:00010f30       ?getAddressOf@UnDecorator@@AAE?AVDName@@XZ 00411f30 f   libvcruntime:undname.obj
 0001:00011140       ?getArgumentList@UnDecorator@@AAE?AVDName@@XZ 00412140 f   libvcruntime:undname.obj
 0001:000116d0       ?getArgumentTypes@UnDecorator@@AAE?AVDName@@XZ 004126d0 f   libvcruntime:undname.obj
 0001:000118c0       ?getArrayAccess@UnDecorator@@AAE?AVDName@@XZ 004128c0 f   libvcruntime:undname.obj
 0001:00011c60       ?getArrayObject@UnDecorator@@AAE?AVDName@@XZ 00412c60 f   libvcruntime:undname.obj
 0001:00011d90       ?getArrayType@UnDecorator@@AAE?AVDName@@ABV2@@Z 00412d90 f i libvcruntime:undname.obj
 0001:00012380       ?getBasedType@UnDecorator@@AAE?AVDName@@XZ 00413380 f   libvcruntime:undname.obj
 0001:00012850       ?getBasicDataType@UnDecorator@@AAE?AVDName@@ABV2@@Z 00413850 f   libvcruntime:undname.obj
 0001:000134a0       ?getCHPEName@UnDecorator@@QAEPADPADH@Z 004144a0 f i libvcruntime:undname.obj
 0001:000135f0       ?getCallIndex@UnDecorator@@AAE?AVDName@@XZ 004145f0 f i libvcruntime:undname.obj
 0001:00013610       ?getCallingConvention@UnDecorator@@AAE?AVDName@@XZ 00414610 f   libvcruntime:undname.obj
 0001:00013780       ?getDataIndirectType@UnDecorator@@AAE?AVDName@@ABV2@W4IndirectionKind@@0H@Z 00414780 f   libvcruntime:undname.obj
 0001:00014c80       ?getDataIndirectType@UnDecorator@@AAE?AVDName@@XZ 00415c80 f i libvcruntime:undname.obj
 0001:00014ce0       ?getDataType@UnDecorator@@AAE?AVDName@@PAV2@@Z 00415ce0 f   libvcruntime:undname.obj
 0001:00014e30       ?getDecoratedName@UnDecorator@@AAE?AVDName@@XZ 00415e30 f   libvcruntime:undname.obj
 0001:00015250       ?getDimension@UnDecorator@@AAE?AVDName@@_N@Z 00416250 f   libvcruntime:undname.obj
 0001:000153d0       ?getDispatchTarget@UnDecorator@@AAE?AVDName@@XZ 004163d0 f   libvcruntime:undname.obj
 0001:00015470       ?getDisplacement@UnDecorator@@AAE?AVDName@@XZ 00416470 f i libvcruntime:undname.obj
 0001:00015490       ?getECSUDataType@UnDecorator@@AAE?AVDName@@XZ 00416490 f   libvcruntime:undname.obj
 0001:00015910       ?getECSUName@UnDecorator@@AAE?AVDName@@XZ 00416910 f i libvcruntime:undname.obj
 0001:00015930       ?getEnumEncoding@UnDecorator@@AAE?AVDName@@XZ 00416930 f   libvcruntime:undname.obj
 0001:00015a00       ?getEnumType@UnDecorator@@AAE?AVDName@@XZ 00416a00 f i libvcruntime:undname.obj
 0001:00015c90       ?getExtendedDataIndirectType@UnDecorator@@AAE?AVDName@@AAW4IndirectionKind@@AA_NH@Z 00416c90 f   libvcruntime:undname.obj
 0001:00016180       ?getExternalDataType@UnDecorator@@AAE?AVDName@@ABV2@@Z 00417180 f i libvcruntime:undname.obj
 0001:000162d0       ?getFloatingPoint@UnDecorator@@AAE?AVDName@@H@Z 004172d0 f   libvcruntime:undname.obj
 0001:00016630       ?getFunctionIndirectType@UnDecorator@@AAE?AVDName@@ABV2@@Z 00417630 f   libvcruntime:undname.obj
 0001:00016ba0       ?getGuardNumber@UnDecorator@@AAE?AVDName@@XZ 00417ba0 f i libvcruntime:undname.obj
 0001:00016bc0       ?getHeap@UnDecorator@@QAEAAV_HeapManager@@XZ 00417bc0 f i libvcruntime:undname.obj
 0001:00016bd0       ?getLastChar@DName@@QBEDXZ 00417bd0 f i libvcruntime:undname.obj
 0001:00016c00       ?getLastChar@DNameStatusNode@@UBEDXZ 00417c00 f i libvcruntime:undname.obj
 0001:00016c10       ?getLastChar@charNode@@UBEDXZ 00417c10 f i libvcruntime:undname.obj
 0001:00016c20       ?getLastChar@pDNameNode@@UBEDXZ 00417c20 f i libvcruntime:undname.obj
 0001:00016c60       ?getLastChar@pairNode@@UBEDXZ 00417c60 f i libvcruntime:undname.obj
 0001:00016cb0       ?getLastChar@pcharNode@@UBEDXZ 00417cb0 f i libvcruntime:undname.obj
 0001:00016cd0       ?getLexicalFrame@UnDecorator@@AAE?AVDName@@XZ 00417cd0 f i libvcruntime:undname.obj
 0001:00016d30       ?getMemberAccess@UnDecorator@@AAE?AVDName@@XZ 00417d30 f   libvcruntime:undname.obj
 0001:00017040       ?getMemoryWithBuffer@_HeapManager@@QAEPAXI@Z 00418040 f   libvcruntime:undname.obj
 0001:000170e0       ?getMemoryWithoutBuffer@_HeapManager@@QAEPAXI@Z 004180e0 f   libvcruntime:undname.obj
 0001:00017110       ?getModuleOwner@UnDecorator@@AAE?AVDName@@ABV2@@Z 00418110 f   libvcruntime:undname.obj
 0001:00017280       ?getNoexcept@UnDecorator@@AAE?AVDName@@XZ 00418280 f   libvcruntime:undname.obj
 0001:00017310       ?getNumberOfDimensions@UnDecorator@@AAEHXZ 00418310 f   libvcruntime:undname.obj
 0001:00017390       ?getOperatorName@UnDecorator@@AAE?AVDName@@_NPA_N@Z 00418390 f i libvcruntime:undname.obj
 0001:000184b0       ?getPointerToMember@UnDecorator@@AAE?AVDName@@XZ 004194b0 f   libvcruntime:undname.obj
 0001:00018930       ?getPointerType@UnDecorator@@AAE?AVDName@@ABV2@0@Z 00419930 f i libvcruntime:undname.obj
 0001:00018950       ?getPointerTypeArray@UnDecorator@@AAE?AVDName@@ABV2@0@Z 00419950 f i libvcruntime:undname.obj
 0001:00018970       ?getPrimaryDataType@UnDecorator@@AAE?AVDName@@ABV2@@Z 00419970 f   libvcruntime:undname.obj
 0001:000191f0       ?getPtrRefDataType@UnDecorator@@AAE?AVDName@@ABV2@H@Z 0041a1f0 f   libvcruntime:undname.obj
 0001:00019470       ?getPtrRefType@UnDecorator@@AAE?AVDName@@ABV2@0W4IndirectionKind@@@Z 0041a470 f   libvcruntime:undname.obj
 0001:000199a0       ?getReferenceType@UnDecorator@@AAE?AVDName@@ABV2@0W4IndirectionKind@@@Z 0041a9a0 f i libvcruntime:undname.obj
 0001:000199d0       ?getRestrictionSpec@UnDecorator@@AAE?AVDName@@XZ 0041a9d0 f   libvcruntime:undname.obj
 0001:00019df0       ?getReturnType@UnDecorator@@AAE?AVDName@@PAV2@@Z 0041adf0 f   libvcruntime:undname.obj
 0001:00019e40       ?getScope@UnDecorator@@AAE?AVDName@@XZ 0041ae40 f   libvcruntime:undname.obj
 0001:0001a790       ?getScopedName@UnDecorator@@AAE?AVDName@@XZ 0041b790 f   libvcruntime:undname.obj
 0001:0001ab10       ?getSignedDimension@UnDecorator@@AAE?AVDName@@XZ 0041bb10 f   libvcruntime:undname.obj
 0001:0001aba0       ?getStorageConvention@UnDecorator@@AAE?AVDName@@XZ 0041bba0 f i libvcruntime:undname.obj
 0001:0001ac00       ?getString@DName@@QBEPADPAD0@Z 0041bc00 f i libvcruntime:undname.obj
 0001:0001ac40       ?getString@DName@@QBEPADPADH@Z 0041bc40 f i libvcruntime:undname.obj
 0001:0001ad10       ?getString@DNameStatusNode@@UBEPADPAD0@Z 0041bd10 f i libvcruntime:undname.obj
 0001:0001ad60       ?getString@charNode@@UBEPADPAD0@Z 0041bd60 f i libvcruntime:undname.obj
 0001:0001ad80       ?getString@pDNameNode@@UBEPADPAD0@Z 0041bd80 f i libvcruntime:undname.obj
 0001:0001add0       ?getString@pairNode@@UBEPADPAD0@Z 0041bdd0 f i libvcruntime:undname.obj
 0001:0001ae30       ?getString@pcharNode@@UBEPADPAD0@Z 0041be30 f i libvcruntime:undname.obj
 0001:0001ae80       ?getStringEncoding@UnDecorator@@AAE?AVDName@@W4PrefixKind@@H@Z 0041be80 f   libvcruntime:undname.obj
 0001:0001b040       ?getStringHelper@@YAPADPADPBD1H@Z 0041c040 f i libvcruntime:undname.obj
 0001:0001b080       ?getStringObject@UnDecorator@@AAE?AVDName@@XZ 0041c080 f   libvcruntime:undname.obj
 0001:0001b160       ?getSymbolName@UnDecorator@@AAE?AVDName@@XZ 0041c160 f i libvcruntime:undname.obj
 0001:0001b1d0       ?getTemplateArgumentList@UnDecorator@@AAE?AVDName@@XZ 0041c1d0 f   libvcruntime:undname.obj
 0001:0001b4d0       ?getTemplateName@UnDecorator@@AAE?AVDName@@_N@Z 0041c4d0 f   libvcruntime:undname.obj
 0001:0001ba10       ?getTemplateNonTypeArgument@UnDecorator@@AAE?AVDName@@XZ 0041ca10 f   libvcruntime:undname.obj
 0001:0001c7c0       ?getTemplateTypeArgument@UnDecorator@@AAE?AVDName@@XZ 0041d7c0 f   libvcruntime:undname.obj
 0001:0001ca50       ?getThisType@UnDecorator@@AAE?AVDName@@XZ 0041da50 f i libvcruntime:undname.obj
 0001:0001cab0       ?getThrowTypes@UnDecorator@@AAE?AVDName@@XZ 0041dab0 f   libvcruntime:undname.obj
 0001:0001caf0       ?getTypeEncoding@UnDecorator@@AAEHXZ 0041daf0 f i libvcruntime:undname.obj
 0001:0001d0e0       ?getUndecoratedName@UnDecorator@@QAEPADPADH@Z 0041e0e0 f i libvcruntime:undname.obj
 0001:0001d2a0       ?getUnionObject@UnDecorator@@AAE?AVDName@@XZ 0041e2a0 f   libvcruntime:undname.obj
 0001:0001d3c0       ?getVCallThunkType@UnDecorator@@AAE?AVDName@@XZ 0041e3c0 f i libvcruntime:undname.obj
 0001:0001d470       ?getValue@UnDecorator@@AAE?AUOptionalValue@1@XZ 0041e470 f   libvcruntime:undname.obj
 0001:0001d500       ?getValueObject@UnDecorator@@AAE?AVDName@@XZ 0041e500 f   libvcruntime:undname.obj
 0001:0001d810       ?getVbTableType@UnDecorator@@AAE?AVDName@@ABV2@@Z 0041e810 f i libvcruntime:undname.obj
 0001:0001d830       ?getVdispMapType@UnDecorator@@AAE?AVDName@@ABV2@@Z 0041e830 f i libvcruntime:undname.obj
 0001:0001d8c0       ?getVfTableType@UnDecorator@@AAE?AVDName@@ABV2@@Z 0041e8c0 f i libvcruntime:undname.obj
 0001:0001db30       ?getZName@UnDecorator@@AAE?AVDName@@_N0@Z 0041eb30 f   libvcruntime:undname.obj
 0001:0001de90       ?get_current_character_and_increment_buffer@UnDecorator@@AAEDXZ 0041ee90 f i libvcruntime:undname.obj
 0001:0001deb0       ?haveTemplateParameters@UnDecorator@@QAEHXZ 0041eeb0 f i libvcruntime:undname.obj
 0001:0001dec0       ?increment_buffer@UnDecorator@@AAE_NI@Z 0041eec0 f i libvcruntime:undname.obj
 0001:0001df10       ?increment_buffer_no_check@UnDecorator@@AAEXI@Z 0041ef10 f i libvcruntime:undname.obj
 0001:0001df30       ?increment_buffer_no_check@UnDecorator@@AAEXXZ 0041ef30 f i libvcruntime:undname.obj
 0001:0001df40       ?isArray@DName@@QBEHXZ     0041ef40 f i libvcruntime:undname.obj
 0001:0001df50       ?isComArray@DName@@QBEHXZ  0041ef50 f i libvcruntime:undname.obj
 0001:0001df60       ?isEmpty@DName@@QBEHXZ     0041ef60 f i libvcruntime:undname.obj
 0001:0001df70       ?isFull@Replicator@@QBEHXZ 0041ef70 f i libvcruntime:undname.obj
 0001:0001df80       ?isNoTE@DName@@QBEHXZ      0041ef80 f i libvcruntime:undname.obj
 0001:0001df90       ?isPinPtr@DName@@QBEHXZ    0041ef90 f i libvcruntime:undname.obj
 0001:0001dfa0       ?isPtrRef@DName@@QBEHXZ    0041efa0 f i libvcruntime:undname.obj
 0001:0001dfb0       ?isUDC@DName@@QBEHXZ       0041efb0 f i libvcruntime:undname.obj
 0001:0001dfd0       ?isUDTThunk@DName@@QBEHXZ  0041efd0 f i libvcruntime:undname.obj
 0001:0001dff0       ?isVCallThunk@DName@@QBEHXZ 0041eff0 f i libvcruntime:undname.obj
 0001:0001e000       ?isValid@DName@@QBEHXZ     0041f000 f i libvcruntime:undname.obj
 0001:0001e010       ?length@DName@@QBEHXZ      0041f010 f i libvcruntime:undname.obj
 0001:0001e040       ?length@DNameStatusNode@@UBEHXZ 0041f040 f i libvcruntime:undname.obj
 0001:0001e050       ?length@charNode@@UBEHXZ   0041f050 f i libvcruntime:undname.obj
 0001:0001e060       ?length@pDNameNode@@UBEHXZ 0041f060 f i libvcruntime:undname.obj
 0001:0001e0a0       ?length@pairNode@@UBEHXZ   0041f0a0 f i libvcruntime:undname.obj
 0001:0001e100       ?length@pcharNode@@UBEHXZ  0041f100 f i libvcruntime:undname.obj
 0001:0001e110       ?make@DNameStatusNode@@SAPBV1@W4DNameStatus@@@Z 0041f110 f i libvcruntime:undname.obj
 0001:0001e140       ?parseDecoratedName@UnDecorator@@AAE?AVDName@@XZ 0041f140 f   libvcruntime:undname.obj
 0001:0001e280       ?raw_length@DNameStatusNode@@UBEHXZ 0041f280 f i libvcruntime:undname.obj
 0001:0001e290       ?raw_length@charNode@@UBEHXZ 0041f290 f i libvcruntime:undname.obj
 0001:0001e2a0       ?raw_length@pDNameNode@@UBEHXZ 0041f2a0 f i libvcruntime:undname.obj
 0001:0001e2b0       ?raw_length@pairNode@@UBEHXZ 0041f2b0 f i libvcruntime:undname.obj
 0001:0001e2c0       ?raw_length@pcharNode@@UBEHXZ 0041f2c0 f i libvcruntime:undname.obj
 0001:0001e2d0       ?setIsArray@DName@@QAEXXZ  0041f2d0 f i libvcruntime:undname.obj
 0001:0001e2e0       ?setIsComArray@DName@@QAEXXZ 0041f2e0 f i libvcruntime:undname.obj
 0001:0001e2f0       ?setIsNoTE@DName@@QAEXXZ   0041f2f0 f i libvcruntime:undname.obj
 0001:0001e300       ?setIsPinPtr@DName@@QAEXXZ 0041f300 f i libvcruntime:undname.obj
 0001:0001e310       ?setIsUDC@DName@@QAEXXZ    0041f310 f i libvcruntime:undname.obj
 0001:0001e320       ?setIsVCallThunk@DName@@QAEXXZ 0041f320 f i libvcruntime:undname.obj
 0001:0001e330       ?setPtrRef@DName@@QAEAAV1@XZ 0041f330 f i libvcruntime:undname.obj
 0001:0001e340       ?status@DName@@QBE?AW4DNameStatus@@XZ 0041f340 f i libvcruntime:undname.obj
 0001:0001e400       ?value_object@DName@@QAEX_N@Z 0041f400 f i libvcruntime:undname.obj
 0001:0001e430       ?value_object@DName@@QBE_NXZ 0041f430 f i libvcruntime:undname.obj
 0001:0001e440       ___unDName                 0041f440 f   libvcruntime:undname.obj
 0001:0001e470       ___unDNameEx               0041f470 f   libvcruntime:undname.obj
 0001:0001e570       __vsprintf_s_l             0041f570 f i libvcruntime:undname.obj
 0001:0001e5b0       _snprintf                  0041f5b0 f i libvcruntime:undname.obj
 0001:0001e5f0       _sprintf_s                 0041f5f0 f i libvcruntime:undname.obj
 0001:0001e630       _unDNameGenerateCHPE       0041f630 f   libvcruntime:undname.obj
 0001:0001e7e0       _vsnprintf                 0041f7e0 f i libvcruntime:undname.obj
 0001:0001e820       __local_unwind4            0041f820 f   libvcruntime:exsup4.obj
 0001:0001e950       __seh_longjmp_unwind4@4    0041f950 f   libvcruntime:exsup4.obj
 0001:0001e990       @_EH4_CallFilterFunc@8     0041f990 f   libvcruntime:exsup4.obj
 0001:0001e9b0       @_EH4_TransferToHandler@8  0041f9b0 f   libvcruntime:exsup4.obj
 0001:0001e9d0       @_EH4_GlobalUnwind2@8      0041f9d0 f   libvcruntime:exsup4.obj
 0001:0001e9f0       @_EH4_LocalUnwind@16       0041f9f0 f   libvcruntime:exsup4.obj
 0001:0001ea20       ___except_validate_context_record 0041fa20 f   libvcruntime:jbcxrval.obj
 0001:0001ea60       ___except_validate_jump_buffer 0041fa60 f   libvcruntime:jbcxrval.obj
 0001:0001eaa0       ___except_validate_jump_buffer_common 0041faa0 f i libvcruntime:jbcxrval.obj
 0001:0001eaf0       ??$?RU__vcrt_ptd@@@__crt_internal_free_policy@@QBEXQBU__vcrt_ptd@@@Z 0041faf0 f i libvcruntime:per_thread_data.obj
 0001:0001eb10       ??0?$__crt_unique_heap_ptr@U__vcrt_ptd@@U__crt_internal_free_policy@@@@QAE@QAU__vcrt_ptd@@@Z 0041fb10 f i libvcruntime:per_thread_data.obj
 0001:0001eb50       ??1?$__crt_unique_heap_ptr@U__vcrt_ptd@@U__crt_internal_free_policy@@@@QAE@XZ 0041fb50 f i libvcruntime:per_thread_data.obj
 0001:0001eb80       ??B?$__crt_unique_heap_ptr@U__vcrt_ptd@@U__crt_internal_free_policy@@@@QBE_NXZ 0041fb80 f i libvcruntime:per_thread_data.obj
 0001:0001eb90       ?detach@?$__crt_unique_heap_ptr@U__vcrt_ptd@@U__crt_internal_free_policy@@@@QAEPAU__vcrt_ptd@@XZ 0041fb90 f i libvcruntime:per_thread_data.obj
 0001:0001eba0       ?get@?$__crt_unique_heap_ptr@U__vcrt_ptd@@U__crt_internal_free_policy@@@@QBEPAU__vcrt_ptd@@XZ 0041fba0 f i libvcruntime:per_thread_data.obj
 0001:0001ebb0       ?is_valid@?$__crt_unique_heap_ptr@U__vcrt_ptd@@U__crt_internal_free_policy@@@@QBE_NXZ 0041fbb0 f i libvcruntime:per_thread_data.obj
 0001:0001ebc0       ?release@?$__crt_unique_heap_ptr@U__vcrt_ptd@@U__crt_internal_free_policy@@@@QAEXXZ 0041fbc0 f i libvcruntime:per_thread_data.obj
 0001:0001ec00       ___vcrt_freefls@4          0041fc00 f   libvcruntime:per_thread_data.obj
 0001:0001ec30       ___vcrt_freeptd_for_this_thread 0041fc30 f   libvcruntime:per_thread_data.obj
 0001:0001ec80       ___vcrt_getptd             0041fc80 f   libvcruntime:per_thread_data.obj
 0001:0001ed60       ___vcrt_getptd_noexit      0041fd60 f   libvcruntime:per_thread_data.obj
 0001:0001ee30       ___vcrt_getptd_noinit      0041fe30 f   libvcruntime:per_thread_data.obj
 0001:0001ee80       ___vcrt_initialize_ptd     0041fe80 f   libvcruntime:per_thread_data.obj
 0001:0001eee0       ___vcrt_uninitialize_ptd   0041fee0 f   libvcruntime:per_thread_data.obj
 0001:0001ef10       ___vcrt_initialize_locks   0041ff10 f   libvcruntime:locks.obj
 0001:0001ef90       ___vcrt_lock               0041ff90 f   libvcruntime:locks.obj
 0001:0001efb0       ___vcrt_uninitialize_locks 0041ffb0 f   libvcruntime:locks.obj
 0001:0001eff0       ___vcrt_unlock             0041fff0 f   libvcruntime:locks.obj
 0001:0001f010       ??$?0AAViterator@TryBlockMap@__FrameHandler3@@AAV012@$0A@@?$pair@Viterator@TryBlockMap@__FrameHandler3@@V123@@std@@QAE@AAViterator@TryBlockMap@__FrameHandler3@@0@Z 00420010 f i libvcruntime:trnsctrl.obj
 0001:0001f040       ??$forward@AAViterator@TryBlockMap@__FrameHandler3@@@std@@YAAAViterator@TryBlockMap@__FrameHandler3@@AAV123@@Z 00420040 f i libvcruntime:trnsctrl.obj
 0001:0001f050       ??0iterator@TryBlockMap@__FrameHandler3@@QAE@AAV12@I@Z 00420050 f i libvcruntime:trnsctrl.obj
 0001:0001f070       ?GetRangeOfTrysToCheck@__FrameHandler3@@SA?AU?$pair@Viterator@TryBlockMap@__FrameHandler3@@V123@@std@@AAVTryBlockMap@1@HPAXPBU_s_FuncInfo@@H@Z 00420070 f   libvcruntime:trnsctrl.obj
 0001:0001f120       ?_CallCatchBlock2@@YAPAXPAUEHRegistrationNode@@PBU_s_FuncInfo@@PAXHK@Z 00420120 f   libvcruntime:trnsctrl.obj
 0001:0001f1a0       ?_CallSETranslator@@YAHPAUEHExceptionRecord@@PAUEHRegistrationNode@@PAX2PBU_s_FuncInfo@@H1@Z 004201a0 f   libvcruntime:trnsctrl.obj
 0001:0001f2f0       ?_JumpToContinuation@@YGXPAXPAUEHRegistrationNode@@@Z 004202f0 f   libvcruntime:trnsctrl.obj
 0001:0001f330       ?_UnwindNestedFrames@@YGXPAUEHRegistrationNode@@PAUEHExceptionRecord@@@Z 00420330 f   libvcruntime:trnsctrl.obj
 0001:0001f3a0       __CatchGuardHandler        004203a0 f   libvcruntime:trnsctrl.obj
 0001:0001f3e0       __CreateFrameInfo          004203e0 f   libvcruntime:trnsctrl.obj
 0001:0001f410       __FindAndUnlinkFrame       00420410 f   libvcruntime:trnsctrl.obj
 0001:0001f480       __TranslatorGuardHandler   00420480 f   libvcruntime:trnsctrl.obj
 0001:0001f560       ___CxxFrameHandler         00420560 f   libvcruntime:trnsctrl.obj
 0001:0001f5b0       ___CxxFrameHandler2        004205b0 f   libvcruntime:trnsctrl.obj
 0001:0001f600       ___CxxFrameHandler3        00420600 f   libvcruntime:trnsctrl.obj
 0001:0001f650       ___CxxLongjmpUnwind@4      00420650 f   libvcruntime:trnsctrl.obj
 0001:0001f680       _memcpy                    00420680 f   libvcruntime:memcpy.obj
 0001:0001fd60       __global_unwind2           00420d60 f   libvcruntime:exsup.obj
 0001:0001fdf0       __local_unwind2            00420df0 f   libvcruntime:exsup.obj
 0001:0001feb0       __abnormal_termination     00420eb0 f   libvcruntime:exsup.obj
 0001:0001fef0       __NLG_Notify1              00420ef0 f   libvcruntime:exsup.obj
 0001:0001ff00       __NLG_Notify               00420f00 f   libvcruntime:exsup.obj
 0001:0001ff17       __NLG_Dispatch             00420f17     libvcruntime:exsup.obj
 0001:0001ff17       __NLG_Dispatch2            00420f17     libvcruntime:exsup.obj
 0001:0001ff30       __NLG_Call                 00420f30 f   libvcruntime:exsup.obj
 0001:0001ff32       __NLG_Return2              00420f32     libvcruntime:exsup.obj
 0001:00020a30       ??$TypeMatchHelper@V__FrameHandler3@@@@YAHPBU_s_HandlerType@@PBU_s_CatchableType@@PBU_s_ThrowInfo@@@Z 00421a30 f i libvcruntime:frame.obj
 0001:00020ae0       ??$__InternalCxxFrameHandler@V__FrameHandler3@@@@YA?AW4_EXCEPTION_DISPOSITION@@PAUEHExceptionRecord@@PAUEHRegistrationNode@@PAU_CONTEXT@@PAXPBU_s_FuncInfo@@H1E@Z 00421ae0 f i libvcruntime:frame.obj
 0001:00020c40       ??$__InternalCxxFrameHandlerWrapper@V__FrameHandler3@@@@YA?AW4_EXCEPTION_DISPOSITION@@PAUEHExceptionRecord@@PAUEHRegistrationNode@@PAU_CONTEXT@@PAXPBU_s_FuncInfo@@H1E@Z 00421c40 f i libvcruntime:frame.obj
 0001:00020d90       ??0HandlerMap@__FrameHandler3@@QAE@PBU_s_TryBlockMapEntry@@II@Z 00421d90 f i libvcruntime:frame.obj
 0001:00020db0       ??0TryBlockMap@__FrameHandler3@@QAE@PBU_s_FuncInfo@@I@Z 00421db0 f i libvcruntime:frame.obj
 0001:00020dd0       ??0bad_exception@std@@QAE@ABV01@@Z 00421dd0 f i libvcruntime:frame.obj
 0001:00020e10       ??0bad_exception@std@@QAE@XZ 00421e10 f i libvcruntime:frame.obj
 0001:00020e30       ??0iterator@HandlerMap@__FrameHandler3@@QAE@AAV12@I@Z 00421e30 f i libvcruntime:frame.obj
 0001:00020e50       ??1bad_exception@std@@UAE@XZ 00421e50 f i libvcruntime:frame.obj
 0001:00020e70       ??8iterator@HandlerMap@__FrameHandler3@@QBE_NABV012@@Z 00421e70 f i libvcruntime:frame.obj
 0001:00020e90       ??8type_info@@QBE_NABV0@@Z 00421e90 f i libvcruntime:frame.obj
 0001:00020ec0       ??9iterator@HandlerMap@__FrameHandler3@@QBE_NABV012@@Z 00421ec0 f i libvcruntime:frame.obj
 0001:00020ee0       ??Diterator@HandlerMap@__FrameHandler3@@QAE?BU_s_HandlerType@@XZ 00421ee0 f i libvcruntime:frame.obj
 0001:00020f10       ??Diterator@TryBlockMap@__FrameHandler3@@QAE?BU_s_TryBlockMapEntry@@XZ 00421f10 f i libvcruntime:frame.obj
 0001:00020f40       ??Eiterator@HandlerMap@__FrameHandler3@@QAEAAV012@XZ 00421f40 f i libvcruntime:frame.obj
 0001:00020f50       ??Eiterator@TryBlockMap@__FrameHandler3@@QAEAAV012@XZ 00421f50 f i libvcruntime:frame.obj
 0001:00020f60       ??Miterator@TryBlockMap@__FrameHandler3@@QBE_NABV012@@Z 00421f60 f i libvcruntime:frame.obj
 0001:00020f80       ??_Ebad_exception@std@@UAEPAXI@Z 00421f80 f i libvcruntime:frame.obj
 0001:00020f80       ??_Gbad_exception@std@@UAEPAXI@Z 00421f80 f i libvcruntime:frame.obj
 0001:00020fc0       ?BuildCatchObject@__FrameHandler3@@SAXPAUEHExceptionRecord@@PAXPBU_s_HandlerType@@PBU_s_CatchableType@@@Z 00421fc0 f   libvcruntime:frame.obj
 0001:00020fd0       ?BuildCatchObjectHelper@__FrameHandler3@@SAHPAUEHExceptionRecord@@PAXPBU_s_HandlerType@@PBU_s_CatchableType@@@Z 00421fd0 f   libvcruntime:frame.obj
 0001:00021360       ?FrameUnwindToEmptyState@__FrameHandler3@@SAXPAUEHRegistrationNode@@PAXPBU_s_FuncInfo@@@Z 00422360 f   libvcruntime:frame.obj
 0001:00021380       ?FrameUnwindToState@__FrameHandler3@@SAXPAUEHRegistrationNode@@PAXPBU_s_FuncInfo@@H@Z 00422380 f   libvcruntime:frame.obj
 0001:00021520       ?GetMaxState@__FrameHandler3@@SAHPAXPBU_s_FuncInfo@@@Z 00422520 f i libvcruntime:frame.obj
 0001:00021650       ?TypeMatch@__FrameHandler3@@SAHPBU_s_HandlerType@@PBU_s_CatchableType@@PBU_s_ThrowInfo@@@Z 00422650 f   libvcruntime:frame.obj
 0001:00021660       ?_CallMemberFunction1@@YGXQAX00@Z 00422660 f i libvcruntime:frame.obj
 0001:00021680       ?_CallMemberFunction2@@YGXQAX00H@Z 00422680 f i libvcruntime:frame.obj
 0001:000216a0       ?begin@HandlerMap@__FrameHandler3@@QAE?AViterator@12@XZ 004226a0 f i libvcruntime:frame.obj
 0001:000216c0       ?end@HandlerMap@__FrameHandler3@@QAE?AViterator@12@XZ 004226c0 f i libvcruntime:frame.obj
 0001:000216e0       ?getESTypes@__FrameHandler3@@SAPBU_s_ESTypeList@@PBU_s_FuncInfo@@@Z 004226e0 f i libvcruntime:frame.obj
 0001:000216f0       ?getLastEntry@HandlerMap@__FrameHandler3@@QAEPBU_s_HandlerType@@XZ 004226f0 f i libvcruntime:frame.obj
 0001:00021710       ?getMagicNum@__FrameHandler3@@SAIPBU_s_FuncInfo@@@Z 00422710 f i libvcruntime:frame.obj
 0001:00021730       ?getNumTryBlocks@TryBlockMap@__FrameHandler3@@QAEIXZ 00422730 f i libvcruntime:frame.obj
 0001:00021740       ?isEHs@__FrameHandler3@@SA_NPBU_s_FuncInfo@@@Z 00422740 f i libvcruntime:frame.obj
 0001:00021750       ?isNoExcept@__FrameHandler3@@SA_NPBU_s_FuncInfo@@@Z 00422750 f i libvcruntime:frame.obj
 0001:00021770       ___BuildCatchObject        00422770 f   libvcruntime:frame.obj
 0001:00021780       ___BuildCatchObjectHelper  00422780 f   libvcruntime:frame.obj
 0001:00021790       ___TypeMatch               00422790 f   libvcruntime:frame.obj
 0001:000217a0       __CallSettingFrame@12      004227a0 f   libvcruntime:lowhelpr.obj
 0001:000217c7       __NLG_Return               004227c7     libvcruntime:lowhelpr.obj
 0001:00021820       __get_unexpected           00422820 f   libvcruntime:unexpected.obj
 0001:00021840       _set_unexpected            00422840 f   libvcruntime:unexpected.obj
 0001:00021870       _unexpected                00422870 f   libvcruntime:unexpected.obj
 0001:000218a0       ?GetCurrentState@__FrameHandler3@@SAHPAUEHRegistrationNode@@PAXPBU_s_FuncInfo@@@Z 004228a0 f   libvcruntime:ehstate.obj
 0001:000218d0       ?SetState@__FrameHandler3@@SAXPAUEHRegistrationNode@@PAXPBU_s_FuncInfo@@H@Z 004228d0 f   libvcruntime:ehstate.obj
 0001:000218f0       _memmove                   004228f0 f   libvcruntime:memmove.obj
 0001:00021fc1       ??$?RPAU__crt_stdio_stream_data@@@__crt_internal_free_policy@@QBEXQBQAU__crt_stdio_stream_data@@@Z 00422fc1 f i libucrt:_file.obj
 0001:00021fd7       ??0?$__crt_unique_heap_ptr@PAU__crt_stdio_stream_data@@U__crt_internal_free_policy@@@@QAE@QAPAU__crt_stdio_stream_data@@@Z 00422fd7 f i libucrt:_file.obj
 0001:00021feb       ??0__crt_stdio_stream@@QAE@QAU_iobuf@@@Z 00422feb f i libucrt:_file.obj
 0001:00021fff       ??1?$__crt_unique_heap_ptr@PAU__crt_stdio_stream_data@@U__crt_internal_free_policy@@@@QAE@XZ 00422fff f i libucrt:_file.obj
 0001:00022015       ??C__crt_stdio_stream@@QBEPAU__crt_stdio_stream_data@@XZ 00423015 f i libucrt:_file.obj
 0001:00022018       ?detach@?$__crt_unique_heap_ptr@PAU__crt_stdio_stream_data@@U__crt_internal_free_policy@@@@QAEPAPAU__crt_stdio_stream_data@@XZ 00423018 f i libucrt:_file.obj
 0001:0002201e       ?release@?$__crt_unique_heap_ptr@PAU__crt_stdio_stream_data@@U__crt_internal_free_policy@@@@QAEXXZ 0042301e f i libucrt:_file.obj
 0001:00022034       ___acrt_initialize_stdio   00423034 f   libucrt:_file.obj
 0001:0002212e       ___acrt_iob_func           0042312e f   libucrt:_file.obj
 0001:00022142       ___acrt_uninitialize_stdio 00423142 f   libucrt:_file.obj
 0001:000221a1       __get_stream_buffer_pointers 004231a1 f   libucrt:_file.obj
 0001:000221f8       __lock_file                004231f8 f   libucrt:_file.obj
 0001:00022211       __unlock_file              00423211 f   libucrt:_file.obj
 0001:0002222a       ??$?0ABV?$stream_output_adapter@D@__crt_stdio_output@@AB_KABQBDAAV__crt_cached_ptd_host@@ABQAD@?$format_validation_base@DV?$stream_output_adapter@D@__crt_stdio_output@@@__crt_stdio_output@@IAE@ABV?$stream_output_adapter@D@1@AB_KABQBDAAV__crt_cached_ptd_host@@ABQAD@Z 0042322a f i libucrt:output.obj
 0001:00022255       ??$?0ABV?$stream_output_adapter@D@__crt_stdio_output@@AB_KABQBDAAV__crt_cached_ptd_host@@ABQAD@?$positional_parameter_base@DV?$stream_output_adapter@D@__crt_stdio_output@@@__crt_stdio_output@@IAE@ABV?$stream_output_adapter@D@1@AB_KABQBDAAV__crt_cached_ptd_host@@ABQAD@Z 00423255 f i libucrt:output.obj
 0001:000222af       ??$?0ABV?$stream_output_adapter@D@__crt_stdio_output@@AB_KABQBDAAV__crt_cached_ptd_host@@ABQAD@?$standard_base@DV?$stream_output_adapter@D@__crt_stdio_output@@@__crt_stdio_output@@IAE@ABV?$stream_output_adapter@D@1@AB_KABQBDAAV__crt_cached_ptd_host@@ABQAD@Z 004232af f i libucrt:output.obj
 0001:000222ee       ??$?0ABV?$stream_output_adapter@_W@__crt_stdio_output@@AB_KABQB_WAAV__crt_cached_ptd_host@@ABQAD@?$format_validation_base@_WV?$stream_output_adapter@_W@__crt_stdio_output@@@__crt_stdio_output@@IAE@ABV?$stream_output_adapter@_W@1@AB_KABQB_WAAV__crt_cached_ptd_host@@ABQAD@Z 004232ee f i libucrt:output.obj
 0001:00022319       ??$?0ABV?$stream_output_adapter@_W@__crt_stdio_output@@AB_KABQB_WAAV__crt_cached_ptd_host@@ABQAD@?$positional_parameter_base@_WV?$stream_output_adapter@_W@__crt_stdio_output@@@__crt_stdio_output@@IAE@ABV?$stream_output_adapter@_W@1@AB_KABQB_WAAV__crt_cached_ptd_host@@ABQAD@Z 00423319 f i libucrt:output.obj
 0001:00022373       ??$?0ABV?$stream_output_adapter@_W@__crt_stdio_output@@AB_KABQB_WAAV__crt_cached_ptd_host@@ABQAD@?$standard_base@_WV?$stream_output_adapter@_W@__crt_stdio_output@@@__crt_stdio_output@@IAE@ABV?$stream_output_adapter@_W@1@AB_KABQB_WAAV__crt_cached_ptd_host@@ABQAD@Z 00423373 f i libucrt:output.obj
 0001:000223b2       ??$?0ABV?$string_output_adapter@D@__crt_stdio_output@@AB_KABQBDAAV__crt_cached_ptd_host@@ABQAD@?$format_validation_base@DV?$string_output_adapter@D@__crt_stdio_output@@@__crt_stdio_output@@IAE@ABV?$string_output_adapter@D@1@AB_KABQBDAAV__crt_cached_ptd_host@@ABQAD@Z 004233b2 f i libucrt:output.obj
 0001:000223dd       ??$?0ABV?$string_output_adapter@D@__crt_stdio_output@@AB_KABQBDAAV__crt_cached_ptd_host@@ABQAD@?$positional_parameter_base@DV?$string_output_adapter@D@__crt_stdio_output@@@__crt_stdio_output@@IAE@ABV?$string_output_adapter@D@1@AB_KABQBDAAV__crt_cached_ptd_host@@ABQAD@Z 004233dd f i libucrt:output.obj
 0001:00022437       ??$?0ABV?$string_output_adapter@D@__crt_stdio_output@@AB_KABQBDAAV__crt_cached_ptd_host@@ABQAD@?$standard_base@DV?$string_output_adapter@D@__crt_stdio_output@@@__crt_stdio_output@@IAE@ABV?$string_output_adapter@D@1@AB_KABQBDAAV__crt_cached_ptd_host@@ABQAD@Z 00423437 f i libucrt:output.obj
 0001:00022476       ??$?0ABV?$string_output_adapter@_W@__crt_stdio_output@@AB_KABQB_WAAV__crt_cached_ptd_host@@ABQAD@?$format_validation_base@_WV?$string_output_adapter@_W@__crt_stdio_output@@@__crt_stdio_output@@IAE@ABV?$string_output_adapter@_W@1@AB_KABQB_WAAV__crt_cached_ptd_host@@ABQAD@Z 00423476 f i libucrt:output.obj
 0001:000224a1       ??$?0ABV?$string_output_adapter@_W@__crt_stdio_output@@AB_KABQB_WAAV__crt_cached_ptd_host@@ABQAD@?$positional_parameter_base@_WV?$string_output_adapter@_W@__crt_stdio_output@@@__crt_stdio_output@@IAE@ABV?$string_output_adapter@_W@1@AB_KABQB_WAAV__crt_cached_ptd_host@@ABQAD@Z 004234a1 f i libucrt:output.obj
 0001:000224fb       ??$?0ABV?$string_output_adapter@_W@__crt_stdio_output@@AB_KABQB_WAAV__crt_cached_ptd_host@@ABQAD@?$standard_base@_WV?$string_output_adapter@_W@__crt_stdio_output@@@__crt_stdio_output@@IAE@ABV?$string_output_adapter@_W@1@AB_KABQB_WAAV__crt_cached_ptd_host@@ABQAD@Z 004234fb f i libucrt:output.obj
 0001:000228fa       ??$__crt_interlocked_read@J@@YAJPDJ@Z 004238fa f i libucrt:output.obj
 0001:0002290a       ??$_tcstol_internal@DPAPAD$0A@@@YAJAAV__crt_cached_ptd_host@@QBDQAPADH@Z 0042390a f i libucrt:output.obj
 0001:0002293f       ??$_tcstol_internal@_WPAPA_W$0A@@@YAJAAV__crt_cached_ptd_host@@QB_WQAPA_WH@Z 0042393f f i libucrt:output.obj
 0001:00023c68       ??$count@D@formatting_buffer@__crt_stdio_output@@QBEIXZ 00424c68 f i libucrt:output.obj
 0001:00023c86       ??$count@_W@formatting_buffer@__crt_stdio_output@@QBEIXZ 00424c86 f i libucrt:output.obj
 0001:00023ca5       ??$data@D@formatting_buffer@__crt_stdio_output@@QAEPADXZ 00424ca5 f i libucrt:output.obj
 0001:00023cb4       ??$data@_W@formatting_buffer@__crt_stdio_output@@QAEPA_WXZ 00424cb4 f i libucrt:output.obj
 0001:00023cc3       ??$ensure_buffer_is_big_enough@D@formatting_buffer@__crt_stdio_output@@QAE_NIAAV__crt_cached_ptd_host@@@Z 00424cc3 f i libucrt:output.obj
 0001:00023d63       ??$ensure_buffer_is_big_enough@_W@formatting_buffer@__crt_stdio_output@@QAE_NIAAV__crt_cached_ptd_host@@@Z 00424d63 f i libucrt:output.obj
 0001:00023e04       ??$extract_argument_from_va_list@C_J@?$positional_parameter_base@DV?$stream_output_adapter@D@__crt_stdio_output@@@__crt_stdio_output@@IAE_NAA_J@Z 00424e04 f i libucrt:output.obj
 0001:00023eb6       ??$extract_argument_from_va_list@C_J@?$positional_parameter_base@DV?$string_output_adapter@D@__crt_stdio_output@@@__crt_stdio_output@@IAE_NAA_J@Z 00424eb6 f i libucrt:output.obj
 0001:00023f68       ??$extract_argument_from_va_list@C_J@?$positional_parameter_base@_WV?$stream_output_adapter@_W@__crt_stdio_output@@@__crt_stdio_output@@IAE_NAA_J@Z 00424f68 f i libucrt:output.obj
 0001:0002401c       ??$extract_argument_from_va_list@C_J@?$positional_parameter_base@_WV?$string_output_adapter@_W@__crt_stdio_output@@@__crt_stdio_output@@IAE_NAA_J@Z 0042501c f i libucrt:output.obj
 0001:000240d0       ??$extract_argument_from_va_list@C_J@?$standard_base@DV?$stream_output_adapter@D@__crt_stdio_output@@@__crt_stdio_output@@IAE_NAA_J@Z 004250d0 f i libucrt:output.obj
 0001:000240f8       ??$extract_argument_from_va_list@C_J@?$standard_base@DV?$string_output_adapter@D@__crt_stdio_output@@@__crt_stdio_output@@IAE_NAA_J@Z 004250f8 f i libucrt:output.obj
 0001:00024120       ??$extract_argument_from_va_list@C_J@?$standard_base@_WV?$stream_output_adapter@_W@__crt_stdio_output@@@__crt_stdio_output@@IAE_NAA_J@Z 00425120 f i libucrt:output.obj
 0001:00024148       ??$extract_argument_from_va_list@C_J@?$standard_base@_WV?$string_output_adapter@_W@__crt_stdio_output@@@__crt_stdio_output@@IAE_NAA_J@Z 00425148 f i libucrt:output.obj
[...]
 0002:0000d280       __sehtable$??$?RV<lambda_03b1d95aef87969028cfba75ccab2455>@@AAV<lambda_6e4b09c48022b2350581041d5f6b0c4c>@@V<lambda_22bdf7517842c4b3e53723af5aa32b9e>@@@?$__crt_seh_guarded_call@X@@QAEX$$QAV<lambda_03b1d95aef87969028cfba75ccab2455>@@AAV<lambda_6e4b09c48022b2350581041d5f6b0c4c>@@$$QAV<lambda_22bdf7517842c4b3e53723af5aa32b9e>@@@Z 00489280     libucrt:exit.obj
 0002:0000d2a0       __sehtable$__setmode       004892a0     libucrt:setmode.obj
 0002:0000d2c0       __sehtable$__free_locale   004892c0     libucrt:wsetlocale.obj
 0002:0000d2f0       __sehtable$??$?RV<lambda_e5124f882df8998aaf41531e079ba474>@@AAV<lambda_3e16ef9562a7dcce91392c22ab16ea36>@@V<lambda_e25ca0880e6ef98be67edffd8c599615>@@@?$__crt_seh_guarded_call@X@@QAEX$$QAV<lambda_e5124f882df8998aaf41531e079ba474>@@AAV<lambda_3e16ef9562a7dcce91392c22ab16ea36>@@$$QAV<lambda_e25ca0880e6ef98be67edffd8c599615>@@@Z 004892f0     libucrt:wsetlocale.obj
 0002:0000d310       __sehtable$??$?RV<lambda_82aef432098b982f9ede325b418aa67a>@@AAV<lambda_862e9a3f04921db6ca1ce3faa2bf3edf>@@V<lambda_ffabc152e504b53d7492b9889b10c020>@@@?$__crt_seh_guarded_call@X@@QAEX$$QAV<lambda_82aef432098b982f9ede325b418aa67a>@@AAV<lambda_862e9a3f04921db6ca1ce3faa2bf3edf>@@$$QAV<lambda_ffabc152e504b53d7492b9889b10c020>@@@Z 00489310     libucrt:wsetlocale.obj
 0002:0000d330       __sehtable$??$?RV<lambda_6673f7c4c09a5d469d0c27ae364621ce>@@AAV<lambda_ebab98244f73a74f49db879bf13fa982>@@V<lambda_be20789b7a146653eab82509ec35b419>@@@?$__crt_seh_guarded_call@X@@QAEX$$QAV<lambda_6673f7c4c09a5d469d0c27ae364621ce>@@AAV<lambda_ebab98244f73a74f49db879bf13fa982>@@$$QAV<lambda_be20789b7a146653eab82509ec35b419>@@@Z 00489330     libucrt:wsetlocale.obj
 0002:0000d350       __sehtable$??$?RV<lambda_4fdada1b837b2abbf20876fac97688ad>@@AAV<lambda_b57350f2640456a0859d250846f69caf>@@V<lambda_eed5e4f92b5b7d55fa22c48c484aaa54>@@@?$__crt_seh_guarded_call@X@@QAEX$$QAV<lambda_4fdada1b837b2abbf20876fac97688ad>@@AAV<lambda_b57350f2640456a0859d250846f69caf>@@$$QAV<lambda_eed5e4f92b5b7d55fa22c48c484aaa54>@@@Z 00489350     libucrt:wsetlocale.obj
 0002:0000d370       __sehtable$??$?RV<lambda_ac03c5d59bd18b09cb88b28331f6bfed>@@AAV<lambda_2a444430fde8c29194d880d93eed5e8f>@@AAV<lambda_02db5278e8aef8b5e4976579d73f5304>@@@?$__crt_seh_guarded_call@X@@QAEX$$QAV<lambda_ac03c5d59bd18b09cb88b28331f6bfed>@@AAV<lambda_2a444430fde8c29194d880d93eed5e8f>@@AAV<lambda_02db5278e8aef8b5e4976579d73f5304>@@@Z 00489370     libucrt:wsetlocale.obj
 0002:0000d390       __unwindtable$__execute_onexit_table 00489390     libucrt:onexit.obj
 0002:0000d398       __ehfuncinfo$__execute_onexit_table 00489398     libucrt:onexit.obj
 0002:0000d3c0       __ehfuncinfo$??$__acrt_lock_and_call@V<lambda_f03950bc5685219e0bcd2087efbe011e>@@@@YAHW4__acrt_lock_id@@$$QAV<lambda_f03950bc5685219e0bcd2087efbe011e>@@@Z 004893c0     libucrt:onexit.obj
 0002:0000d3e8       __sehtable$??$?RV<lambda_8e746cf0007f6ed984d6f78af1fec997>@@AAV<lambda_22ebabd17bc4fa466a2aca6d8deb888d>@@V<lambda_18ed0c0b38a6dc0daf1e7ac6d6adf05e>@@@?$__crt_seh_guarded_call@H@@QAEH$$QAV<lambda_8e746cf0007f6ed984d6f78af1fec997>@@AAV<lambda_22ebabd17bc4fa466a2aca6d8deb888d>@@$$QAV<lambda_18ed0c0b38a6dc0daf1e7ac6d6adf05e>@@@Z 004893e8     libucrt:onexit.obj
 0002:0000d408       __sehtable$??$?RV<lambda_69a2805e680e0e292e8ba93315fe43a8>@@AAV<lambda_f03950bc5685219e0bcd2087efbe011e>@@V<lambda_03fcd07e894ec930e3f35da366ca99d6>@@@?$__crt_seh_guarded_call@H@@QAEH$$QAV<lambda_69a2805e680e0e292e8ba93315fe43a8>@@AAV<lambda_f03950bc5685219e0bcd2087efbe011e>@@$$QAV<lambda_03fcd07e894ec930e3f35da366ca99d6>@@@Z 00489408     libucrt:onexit.obj
 0002:0000d428       __sehtable$_terminate      00489428     libucrt:terminate.obj
 0002:0000d448       __sehtable$??$?RV<lambda_6b4b7855443974f2b4b77000ea21c99c>@@AAV<lambda_8f7d3b162ab39427f4fa9995c67a7986>@@V<lambda_cc9a5ba8a5d8428b9634eab82665e5dc>@@@?$__crt_seh_guarded_call@H@@QAEH$$QAV<lambda_6b4b7855443974f2b4b77000ea21c99c>@@AAV<lambda_8f7d3b162ab39427f4fa9995c67a7986>@@$$QAV<lambda_cc9a5ba8a5d8428b9634eab82665e5dc>@@@Z 00489448     libucrt:winapi_thunks.obj
 0002:0000d468       __sehtable$__fcloseall     00489468     libucrt:closeall.obj
 0002:0000d488       __sehtable$??$?RV<lambda_2866be3712abc81a800a822484c830d8>@@AAV<lambda_39ca0ed439415581b5b15c265174cece>@@V<lambda_2b24c74d71094a6cd0cb82e44167d71b>@@@?$__crt_seh_guarded_call@X@@QAEX$$QAV<lambda_2866be3712abc81a800a822484c830d8>@@AAV<lambda_39ca0ed439415581b5b15c265174cece>@@$$QAV<lambda_2b24c74d71094a6cd0cb82e44167d71b>@@@Z 00489488     libucrt:fflush.obj
 0002:0000d4a8       __sehtable$??$?RV<lambda_2cc53f568c5a2bb6f192f930a45d44ea>@@AAV<lambda_ab61a845afdef5b7c387490eaf3616ee>@@V<lambda_c2ffc0b7726aa6be21d5f0026187e748>@@@?$__crt_seh_guarded_call@X@@QAEX$$QAV<lambda_2cc53f568c5a2bb6f192f930a45d44ea>@@AAV<lambda_ab61a845afdef5b7c387490eaf3616ee>@@$$QAV<lambda_c2ffc0b7726aa6be21d5f0026187e748>@@@Z 004894a8     libucrt:fflush.obj
 0002:0000d4c8       __sehtable$??$?RV<lambda_6d20deecaf4856105ebacbad442d1079>@@AAV<lambda_9a32fed5bf61b6b509b2d3f6003082a1>@@V<lambda_63ea2239ed67c638ddbae41947fdf875>@@@?$__crt_seh_guarded_call@H@@QAEH$$QAV<lambda_6d20deecaf4856105ebacbad442d1079>@@AAV<lambda_9a32fed5bf61b6b509b2d3f6003082a1>@@$$QAV<lambda_63ea2239ed67c638ddbae41947fdf875>@@@Z 004894c8     libucrt:fflush.obj
 0002:0000d4e8       __sehtable$___acrt_initialize_lowio 004894e8     libucrt:ioinit.obj
 0002:0000d508       __ehfuncinfo$?_mbrtowc_internal@@YAHPAHPA_WPBDIPAU_Mbstatet@@AAV__crt_cached_ptd_host@@@Z 00489508     libucrt:mbrtowc.obj
 0002:0000d530       __ehfuncinfo$?_mbsrtowcs_helper@@YAIPA_WPAPBDIPAU_Mbstatet@@AAV__crt_cached_ptd_host@@@Z 00489530     libucrt:mbrtowc.obj
 0002:0000d558       __sehtable$?_fputwc_internal@@YAG_WQAU_iobuf@@AAV__crt_cached_ptd_host@@@Z 00489558     libucrt:fputwc.obj
 0002:0000d578       __sehtable$?_fputc_internal@@YAHHQAU_iobuf@@AAV__crt_cached_ptd_host@@@Z 00489578     libucrt:fputc.obj
 0002:0000d598       __unwindtable$___acrt_getptd_head 00489598     libucrt:per_thread_data.obj
 0002:0000d5a0       __ehfuncinfo$___acrt_getptd_head 004895a0     libucrt:per_thread_data.obj
 0002:0000d5c8       __unwindtable$___acrt_getptd_noexit 004895c8     libucrt:per_thread_data.obj
 0002:0000d5d8       __ehfuncinfo$___acrt_getptd_noexit 004895d8     libucrt:per_thread_data.obj
 0002:0000d604       __unwindtable$___acrt_freeptd 00489604     libucrt:per_thread_data.obj
 0002:0000d60c       __ehfuncinfo$___acrt_freeptd 0048960c     libucrt:per_thread_data.obj
 0002:0000d634       __unwindtable$___acrt_getptd_noexit_explicit 00489634     libucrt:per_thread_data.obj
 0002:0000d63c       __ehfuncinfo$___acrt_getptd_noexit_explicit 0048963c     libucrt:per_thread_data.obj
 0002:0000d664       __unwindtable$?internal_getptd_noexit@@YAPAU__acrt_ptd@@ABV__crt_scoped_get_last_error_reset@@I@Z 00489664     libucrt:per_thread_data.obj
 0002:0000d66c       __ehfuncinfo$?internal_getptd_noexit@@YAPAU__acrt_ptd@@ABV__crt_scoped_get_last_error_reset@@I@Z 0048966c     libucrt:per_thread_data.obj
 0002:0000d694       __unwindtable$??$internal_get_ptd_head@P6GPAXK@Z@@YAPAU__acrt_ptd@@P6GPAXK@Z@Z 00489694     libucrt:per_thread_data.obj
 0002:0000d69c       __ehfuncinfo$??$internal_get_ptd_head@P6GPAXK@Z@@YAPAU__acrt_ptd@@P6GPAXK@Z@Z 0048969c     libucrt:per_thread_data.obj
 0002:0000d6c4       __unwindtable$?internal_getptd_noexit@@YAPAU__acrt_ptd@@XZ 004896c4     libucrt:per_thread_data.obj
 0002:0000d6cc       __ehfuncinfo$?internal_getptd_noexit@@YAPAU__acrt_ptd@@XZ 004896cc     libucrt:per_thread_data.obj
 0002:0000d6f4       __unwindtable$?internal_getptd_noexit2@@YAPAU__acrt_ptd@@XZ 004896f4     libucrt:per_thread_data.obj
 0002:0000d6fc       __ehfuncinfo$?internal_getptd_noexit2@@YAPAU__acrt_ptd@@XZ 004896fc     libucrt:per_thread_data.obj
 0002:0000d724       __ehfuncinfo$??$try_get_ptd_head@P6GPAXK@Z@@YAPAU__acrt_ptd@@P6GPAXK@Z@Z 00489724     libucrt:per_thread_data.obj
 0002:0000d750       __sehtable$??$?RV<lambda_15ade71b0218206bbe3333a0c9b79046>@@AAV<lambda_da44e0f8b0f19ba52fefafb335991732>@@V<lambda_207f2d024fc103971653565357d6cd41>@@@?$__crt_seh_guarded_call@X@@QAEX$$QAV<lambda_15ade71b0218206bbe3333a0c9b79046>@@AAV<lambda_da44e0f8b0f19ba52fefafb335991732>@@$$QAV<lambda_207f2d024fc103971653565357d6cd41>@@@Z 00489750     libucrt:per_thread_data.obj
 0002:0000d770       __sehtable$??$?RV<lambda_a7e850c220f1c8d1e6efeecdedd162c6>@@AAV<lambda_46720907175c18b6c9d2717bc0d2d362>@@V<lambda_9048902d66e8d99359bc9897bbb930a8>@@@?$__crt_seh_guarded_call@X@@QAEX$$QAV<lambda_a7e850c220f1c8d1e6efeecdedd162c6>@@AAV<lambda_46720907175c18b6c9d2717bc0d2d362>@@$$QAV<lambda_9048902d66e8d99359bc9897bbb930a8>@@@Z 00489770     libucrt:per_thread_data.obj
 0002:0000d790       __sehtable$??$?RV<lambda_38edbb1296d33220d7e4dd0ed76b244a>@@AAV<lambda_5ce1d447e08cb34b2473517608e21441>@@V<lambda_fb385d3da700c9147fc39e65dd577a8c>@@@?$__crt_seh_guarded_call@X@@QAEX$$QAV<lambda_38edbb1296d33220d7e4dd0ed76b244a>@@AAV<lambda_5ce1d447e08cb34b2473517608e21441>@@$$QAV<lambda_fb385d3da700c9147fc39e65dd577a8c>@@@Z 00489790     libucrt:per_thread_data.obj
 0002:0000d7b0       __sehtable$??$?RV<lambda_6affb1475c98b40b75cdec977db92e3c>@@AAV<lambda_b8d4b9c228a6ecc3f80208dbb4b4a104>@@V<lambda_608742c3c92a14382c1684fc64f96c88>@@@?$__crt_seh_guarded_call@X@@QAEX$$QAV<lambda_6affb1475c98b40b75cdec977db92e3c>@@AAV<lambda_b8d4b9c228a6ecc3f80208dbb4b4a104>@@$$QAV<lambda_608742c3c92a14382c1684fc64f96c88>@@@Z 004897b0     libucrt:per_thread_data.obj
 0002:0000d7d0       __sehtable$?update_thread_multibyte_data_internal@@YAPAU__crt_multibyte_data@@QAU__acrt_ptd@@QAPAU1@@Z 004897d0     libucrt:mbctype.obj
 0002:0000d7f0       __sehtable$??$?RV<lambda_ceb1ee4838e85a9d631eb091e2fbe199>@@AAV<lambda_ae742caa10f662c28703da3d2ea5e57e>@@V<lambda_cd08b5d6af4937fe54fc07d0c9bf6b37>@@@?$__crt_seh_guarded_call@X@@QAEX$$QAV<lambda_ceb1ee4838e85a9d631eb091e2fbe199>@@AAV<lambda_ae742caa10f662c28703da3d2ea5e57e>@@$$QAV<lambda_cd08b5d6af4937fe54fc07d0c9bf6b37>@@@Z 004897f0     libucrt:mbctype.obj
 0002:0000d810       __sehtable$__open_osfhandle 00489810     libucrt:osfinfo.obj
 0002:0000d830       __sehtable$__alloc_osfhnd  00489830     libucrt:osfinfo.obj
 0002:0000d850       __sehtable$___acrt_lowio_ensure_fh_exists 00489850     libucrt:osfinfo.obj
 0002:0000d870       __sehtable$___acrt_update_thread_locale_data 00489870     libucrt:locale_refcounting.obj
 0002:0000d890       __sehtable$__set_new_handler 00489890     libucrt:new_handler.obj
 0002:0000d8b0       __sehtable$__query_new_handler 004898b0     libucrt:new_handler.obj
 0002:0000d8d8       __sehtable$_signal         004898d8     libucrt:signal.obj
 0002:0000d8f8       __sehtable$_raise          004898f8     libucrt:signal.obj
 0002:0000d918       __sehtable$?ctrlevent_capture@@YGHK@Z 00489918     libucrt:signal.obj
 0002:0000d938       __sehtable$??$?RV<lambda_cbab9ec6f41b0180b23cc171c22676b0>@@AAV<lambda_44731a7d0e6d81c3e6aa82d741081786>@@V<lambda_4b292cb8dd18144e164572427af410ab>@@@?$__crt_seh_guarded_call@P6AXH@Z@@QAEP6AXH@Z$$QAV<lambda_cbab9ec6f41b0180b23cc171c22676b0>@@AAV<lambda_44731a7d0e6d81c3e6aa82d741081786>@@$$QAV<lambda_4b292cb8dd18144e164572427af410ab>@@@Z 00489938     libucrt:signal.obj
 0002:0000d958       __sehtable$?_fclose_internal@@YAHQAU_iobuf@@AAV__crt_cached_ptd_host@@@Z 00489958     libucrt:fclose.obj
 0002:0000d978       __sehtable$??$?RV<lambda_9e9de3de5fa147e2223d7db92bc10aa6>@@AAV<lambda_38ce7e780aa69e748d6df282ebc68efe>@@V<lambda_8ca6da459f0f6780f1cff60fdc3d00e5>@@@?$__crt_seh_guarded_call@H@@QAEH$$QAV<lambda_9e9de3de5fa147e2223d7db92bc10aa6>@@AAV<lambda_38ce7e780aa69e748d6df282ebc68efe>@@$$QAV<lambda_8ca6da459f0f6780f1cff60fdc3d00e5>@@@Z 00489978     libucrt:commit.obj
 0002:0000d998       __sehtable$__write_internal 00489998     libucrt:write.obj
 0002:0000d9b8       __ehfuncinfo$?write_double_translated_ansi_nolock@@YA?AUwrite_result@?A0x17268360@@HQBDIAAV__crt_cached_ptd_host@@@Z 004899b8     libucrt:write.obj
 0002:0000d9e0       __sehtable$___set_fpsr_sse2 004899e0     libucrt:fpctrl.obj
 0002:0000da00       __sehtable$??$?RV<lambda_d422a76eb4c3bf3ad751449ab71a6ea4>@@AAV<lambda_c9ba49e555ba839a7b07aa3fbecb7617>@@V<lambda_9476263c8ee91a25d21c55370bdb50de>@@@?$__crt_seh_guarded_call@H@@QAEH$$QAV<lambda_d422a76eb4c3bf3ad751449ab71a6ea4>@@AAV<lambda_c9ba49e555ba839a7b07aa3fbecb7617>@@$$QAV<lambda_9476263c8ee91a25d21c55370bdb50de>@@@Z 00489a00     libucrt:close.obj
 0002:0000da20       __sehtable$?__acrt_stdio_allocate_stream@@YA?AV__crt_stdio_stream@@XZ 00489a20     libucrt:stream.obj
 0002:0000da40       __sehtable$??$common_lseek@J@@YAJHJHAAV__crt_cached_ptd_host@@@Z 00489a40     libucrt:lseek.obj
 0002:0000da60       __sehtable$??$common_lseek@_J@@YA_JH_JHAAV__crt_cached_ptd_host@@@Z 00489a60     libucrt:lseek.obj
 0002:0000da80       __sehtable$??$?RV<lambda_f828341fbe69b7c0d4c527b01f22877f>@@AAV<lambda_9e0b6ab72a5b3ae37ad997d08b519f50>@@V<lambda_f01deac0a8d65d6e0411edf7e0af5775>@@@?$__crt_seh_guarded_call@G@@QAEG$$QAV<lambda_f828341fbe69b7c0d4c527b01f22877f>@@AAV<lambda_9e0b6ab72a5b3ae37ad997d08b519f50>@@$$QAV<lambda_f01deac0a8d65d6e0411edf7e0af5775>@@@Z 00489a80     libucrt:putwch.obj
 0002:0000daa0       __sehtable$__read          00489aa0     libucrt:read.obj
 0002:0000dac0       __ehfuncinfo$?_mbstowcs_l_helper@@YAIPA_WPBDIAAV__crt_cached_ptd_host@@@Z 00489ac0     libucrt:mbstowcs.obj
 0002:0000dae8       __sehtable$__IsNonwritableInCurrentImage 00489ae8     LIBCMT:pesect.obj
 0003:000000b0       ?prefix@?1??getDimension@UnDecorator@@AAE?AVDName@@_N@Z@4UStringLiteral@@A 0048a0b0     libvcruntime:undname.obj
 0003:000000c0       ?__vcrt_flsindex@@3KA      0048a0c0     libvcruntime:per_thread_data.obj
 0003:000001bc       __ctype_loc_style          0048a1bc     libucrt:wsetlocale.obj
 0003:000001d0       ?errno_no_memory@@3HA      0048a1d0     libucrt:errno.obj
 0003:000001d4       ?doserrno_no_memory@@3KA   0048a1d4     libucrt:errno.obj
 0003:0000021c       ?__acrt_flsindex@@3KA      0048a21c     libucrt:per_thread_data.obj
 0003:000005a0       __mbctypes                 0048a5a0     libucrt:mbctype.obj
 0003:000006d8       __mbcasemaps               0048a6d8     libucrt:mbctype.obj
 0003:0000080c       ?__rgctypeflag@@3PADA      0048a80c     libucrt:mbctype.obj
 0003:00000810       ?__rgcode_page_info@@3PAUcode_page_info@@A 0048a810     libucrt:mbctype.obj
 0003:000009b0       ?__DAZ_ENABLED@?1??__set_fpsr_sse2@@9@9 0048a9b0     libucrt:fpctrl.obj
 0003:00000af0       ?__dcrt_lowio_console_output_handle@@3PAXA 0048aaf0     libucrt:initcon.obj
 0003:0000155c       ?is_initialized_as_dll@@3_NA 0048b55c     LIBCMT:utility.obj
 0003:0000155d       ?module_local_atexit_table_initialized@@3_NA 0048b55d     LIBCMT:utility.obj
 0003:00001560       ?module_local_atexit_table@@3U_onexit_table_t@@A 0048b560     LIBCMT:utility.obj
 0003:0000156c       ?module_local_at_quick_exit_table@@3U_onexit_table_t@@A 0048b56c     LIBCMT:utility.obj
 0003:000015ac       ?__vcrt_startup_thread_ptd@@3U__vcrt_ptd@@A 0048b5ac     libvcruntime:per_thread_data.obj
 0003:000015dc       ___vcrt_lock_table         0048b5dc     libvcruntime:locks.obj
 0003:000015f4       ___vcrt_locks_initialized  0048b5f4     libvcruntime:locks.obj
 0003:00001610       ?__acrt_app_type@@3W4_crt_app_type@@A 0048b610     libucrt:report_runtime_error.obj
 0003:00001618       ?outmsg@?9??__acrt_report_runtime_error@@9@4PA_WA 0048b618     libucrt:report_runtime_error.obj
 0003:00001d7c       ?user_matherr@@3V?$dual_state_global@P6AHPAU_exception@@@Z@__crt_state_management@@A 0048bd7c     libucrt:matherr.obj
 0003:00001d80       ?program_name@?1???$common_configure_argv@D@@YAHW4_crt_argv_mode@@@Z@4PADA 0048bd80     libucrt:argv_parsing.obj
 0003:00001ec0       ?program_name@?1???$common_configure_argv@_W@@YAHW4_crt_argv_mode@@@Z@4PA_WA 0048bec0     libucrt:argv_parsing.obj
 0003:00002148       ?c_termination_complete@@3JA 0048c148     libucrt:exit.obj
 0003:0000214c       ?thread_local_exit_callback_func@@3P6GXPAXK0@ZA 0048c14c     libucrt:exit.obj
 0003:00002150       ?c_exit_complete@?1???R<lambda_6e4b09c48022b2350581041d5f6b0c4c>@@QBE@XZ@4_NA 0048c150     libucrt:exit.obj
 0003:00002174       ?__acrt_global_new_mode@@3V?$dual_state_global@J@__crt_state_management@@A 0048c174     libucrt:new_mode.obj
 0003:0000219c       ?__acrt_invalid_parameter_handler@@3V?$dual_state_global@P6AXPB_W00II@Z@__crt_state_management@@A 0048c19c     libucrt:invalid_parameter.obj
 0003:000021a0       ?module_handles@@3PAPAUHINSTANCE__@@A 0048c1a0     libucrt:winapi_thunks.obj
 0003:00002210       ?static_enum_proc@?1??enum_system_locales_ex_nolock@@YAHQ6GHPA_WKJ@Z@Z@4P6GH0KJ@ZA 0048c210     libucrt:winapi_thunks.obj
 0003:00002488       ?internal_state@?1??_mbtowc_internal@@9@4U_Mbstatet@@A 0048c488     libucrt:mbtowc.obj
 0003:00002494       ?internal_pst@?1??__mbrtoc32_utf8@__crt_mbstring@@YAIPA_UPBDIPAU_Mbstatet@@AAV__crt_cached_ptd_host@@@Z@4U3@A 0048c494     libucrt:mbrtoc32.obj
 0003:000024a0       ?internal_pst@?1??__c16rtomb_utf8@__crt_mbstring@@YAIPAD_SPAU_Mbstatet@@AAV__crt_cached_ptd_host@@@Z@4U3@A 0048c4a0     libucrt:c16rtomb.obj
 0003:000024ac       ?mbst@?1??mbrlen@@9@4U_Mbstatet@@A 0048c4ac     libucrt:mbrtowc.obj
 0003:000024b8       ?mbst@?1??mbrtowc@@9@4U_Mbstatet@@A 0048c4b8     libucrt:mbrtowc.obj
 0003:000024c4       ?mbst@?1??_mbsrtowcs_helper@@YAIPA_WPAPBDIPAU_Mbstatet@@AAV__crt_cached_ptd_host@@@Z@4U2@A 0048c4c4     libucrt:mbrtowc.obj
 0003:000024d0       ?enable_percent_n@@3IA     0048c4d0     libucrt:printf_count_output.obj
 0003:000024e4       ___acrt_error_mode         0048c4e4     libucrt:set_error_mode.obj
 0003:000024f4       ?fSystemSet@@3HA           0048c4f4     libucrt:mbctype.obj
 0003:000024fb       ?initialized@?1??__acrt_initialize_multibyte@@9@4_NA 0048c4fb     libucrt:mbctype.obj
 0003:00002500       ?__acrt_lock_table@@3PAU_RTL_CRITICAL_SECTION@@A 0048c500     libucrt:locks.obj
 0003:00002668       ?__acrt_locks_initialized@@3IA 0048c668     libucrt:locks.obj
 0003:000026b4       ?state_cache@?1???$get_cached_win_policy@Ubegin_thread_init_policy_properties@?1??__acrt_get_begin_thread_init_policy@@YA?AW4begin_thread_init_policy@@XZ@@@YA?AW4begin_thread_init_policy@@W4AppPolicyThreadInitializationType@@@Z@4JA 0048c6b4     libucrt:win_policies.obj
 0003:000026b8       ?state_cache@?1???$get_cached_win_policy@Udeveloper_information_policy_properties@?1??__acrt_get_developer_information_policy@@YA?AW4developer_information_policy@@XZ@@@YA?AW4developer_information_policy@@W4AppPolicyShowDeveloperDiagnostic@@@Z@4JA 0048c6b8     libucrt:win_policies.obj
 0003:000026bc       ?state_cache@?1???$get_cached_win_policy@Uwindowing_model_policy_properties@?1??__acrt_get_windowing_model_policy@@YA?AW4windowing_model_policy@@XZ@@@YA?AW4windowing_model_policy@@W4AppPolicyWindowingModel@@@Z@4JA 0048c6bc     libucrt:win_policies.obj
 0003:000026d0       ?__acrt_new_handler@@3V?$dual_state_global@P6AHI@Z@__crt_state_management@@A 0048c6d0     libucrt:new_handler.obj
 0003:000026d4       ?console_ctrl_handler_installed@@3_NA 0048c6d4     libucrt:signal.obj
 0003:000026d8       ?ctrlc_action@@3V?$dual_state_global@P6AXH@Z@__crt_state_management@@A 0048c6d8     libucrt:signal.obj
 0003:000026dc       ?ctrlbreak_action@@3V?$dual_state_global@P6AXH@Z@__crt_state_management@@A 0048c6dc     libucrt:signal.obj
 0003:000026e0       ?abort_action@@3V?$dual_state_global@P6AXH@Z@__crt_state_management@@A 0048c6e0     libucrt:signal.obj
 0003:000026e4       ?term_action@@3V?$dual_state_global@P6AXH@Z@__crt_state_management@@A 0048c6e4     libucrt:signal.obj
 0003:000026ec       __pmatherr_set             0048c6ec     libucrt:libm_error.obj
 0004:0000046e       .idata$6                   0048d46e     kernel32:KERNEL32.dll
 0006:00000000       ?function_pointers@@3PAPAXA 0048f000     libucrt:winapi_thunks.obj
